11/28/2025 22:01:20: Peer 1003 started on localhost:7003. Has file: False.
11/28/2025 22:01:21: Peer 1003 makes a connection to Peer 1001.
11/28/2025 22:01:21: Peer 1003 has sent the 'interested' message to Peer 1001.
11/28/2025 22:01:21: Peer 1003 received the 'not interested' message from Peer 1001.
11/28/2025 22:01:21: Peer 1003 makes a connection to Peer 1002.
11/28/2025 22:01:21: Peer 1003 has sent the 'not interested' message to Peer 1002.
11/28/2025 22:01:21: Peer 1003 received the 'not interested' message from Peer 1002.
11/28/2025 22:01:22: Peer 1003 is connected from Peer 1004.
11/28/2025 22:01:22: Peer 1003 has sent the 'not interested' message to Peer 1004.
11/28/2025 22:01:22: Peer 1003 received the 'not interested' message from Peer 1004.
11/28/2025 22:01:25: Peer 1003 is unchoked by Peer 1001.
11/28/2025 22:01:25: Peer 1003 has downloaded the piece 0 from Peer 1001. Now the number of pieces it has is 1.
11/28/2025 22:01:25: Peer 1003 received the 'have' message from Peer 1004 for the piece 0.
11/28/2025 22:01:25: Peer 1003 received the 'interested' message from Peer 1002.
11/28/2025 22:01:25: Peer 1003 has sent the 'not interested' message to Peer 1004.
11/28/2025 22:01:25: Peer 1003 received the 'not interested' message from Peer 1001.
11/28/2025 22:01:25: Peer 1003 received the 'not interested' message from Peer 1004.
11/28/2025 22:01:25: Peer 1003 has downloaded the piece 1 from Peer 1001. Now the number of pieces it has is 2.
11/28/2025 22:01:25: Peer 1003 received the 'have' message from Peer 1004 for the piece 1.
11/28/2025 22:01:25: Peer 1003 received the 'interested' message from Peer 1002.
11/28/2025 22:01:25: Peer 1003 has sent the 'not interested' message to Peer 1004.
11/28/2025 22:01:25: Peer 1003 received the 'not interested' message from Peer 1001.
11/28/2025 22:01:25: Peer 1003 received the 'not interested' message from Peer 1004.
11/28/2025 22:01:25: Peer 1003 has downloaded the piece 2 from Peer 1001. Now the number of pieces it has is 3.
11/28/2025 22:01:25: Peer 1003 received the 'have' message from Peer 1004 for the piece 2.
11/28/2025 22:01:25: Peer 1003 has sent the 'not interested' message to Peer 1004.
11/28/2025 22:01:25: Peer 1003 received the 'interested' message from Peer 1002.
11/28/2025 22:01:25: Peer 1003 received the 'not interested' message from Peer 1001.
11/28/2025 22:01:25: Peer 1003 received the 'not interested' message from Peer 1004.
11/28/2025 22:01:25: Peer 1003 has downloaded the piece 3 from Peer 1001. Now the number of pieces it has is 4.
11/28/2025 22:01:25: Peer 1003 received the 'have' message from Peer 1004 for the piece 3.
11/28/2025 22:01:25: Peer 1003 has sent the 'not interested' message to Peer 1004.
11/28/2025 22:01:25: Peer 1003 received the 'not interested' message from Peer 1004.
11/28/2025 22:01:25: Peer 1003 received the 'interested' message from Peer 1002.
11/28/2025 22:01:25: Peer 1003 received the 'have' message from Peer 1004 for the piece 4.
11/28/2025 22:01:25: Peer 1003 received the 'not interested' message from Peer 1001.
11/28/2025 22:01:25: Peer 1003 has downloaded the piece 4 from Peer 1001. Now the number of pieces it has is 5.
11/28/2025 22:01:25: Peer 1003 has sent the 'interested' message to Peer 1004.
11/28/2025 22:01:25: Peer 1003 received the 'not interested' message from Peer 1001.
11/28/2025 22:01:25: Peer 1003 received the 'have' message from Peer 1004 for the piece 5.
11/28/2025 22:01:25: Peer 1003 received the 'interested' message from Peer 1002.
11/28/2025 22:01:25: Peer 1003 has downloaded the piece 5 from Peer 1001. Now the number of pieces it has is 6.
11/28/2025 22:01:25: Peer 1003 has sent the 'not interested' message to Peer 1004.
11/28/2025 22:01:25: Peer 1003 received the 'not interested' message from Peer 1004.
11/28/2025 22:01:25: Peer 1003 received the 'not interested' message from Peer 1001.
11/28/2025 22:01:25: Peer 1003 received the 'interested' message from Peer 1002.
11/28/2025 22:01:25: Peer 1003 has downloaded the piece 6 from Peer 1001. Now the number of pieces it has is 7.
11/28/2025 22:01:25: Peer 1003 received the 'have' message from Peer 1004 for the piece 6.
11/28/2025 22:01:25: Peer 1003 has sent the 'not interested' message to Peer 1004.
11/28/2025 22:01:25: Peer 1003 received the 'not interested' message from Peer 1001.
11/28/2025 22:01:25: Peer 1003 received the 'interested' message from Peer 1002.
11/28/2025 22:01:25: Peer 1003 received the 'not interested' message from Peer 1004.
11/28/2025 22:01:25: Peer 1003 has downloaded the piece 7 from Peer 1001. Now the number of pieces it has is 8.
11/28/2025 22:01:25: Peer 1003 received the 'have' message from Peer 1004 for the piece 7.
11/28/2025 22:01:25: Peer 1003 has sent the 'not interested' message to Peer 1004.
11/28/2025 22:01:25: Peer 1003 received the 'not interested' message from Peer 1001.
11/28/2025 22:01:25: Peer 1003 received the 'interested' message from Peer 1002.
11/28/2025 22:01:25: Peer 1003 has downloaded the piece 8 from Peer 1001. Now the number of pieces it has is 9.
11/28/2025 22:01:25: Peer 1003 received the 'not interested' message from Peer 1004.
11/28/2025 22:01:25: Peer 1003 received the 'have' message from Peer 1004 for the piece 8.
11/28/2025 22:01:25: Peer 1003 received the 'interested' message from Peer 1002.
11/28/2025 22:01:25: Peer 1003 received the 'not interested' message from Peer 1001.
11/28/2025 22:01:25: Peer 1003 has sent the 'not interested' message to Peer 1004.
11/28/2025 22:01:25: Peer 1003 has downloaded the piece 9 from Peer 1001. Now the number of pieces it has is 10.
11/28/2025 22:01:25: Peer 1003 received the 'not interested' message from Peer 1004.
11/28/2025 22:01:25: Peer 1003 received the 'have' message from Peer 1004 for the piece 9.
11/28/2025 22:01:25: Peer 1003 received the 'not interested' message from Peer 1001.
11/28/2025 22:01:25: Peer 1003 received the 'interested' message from Peer 1002.
11/28/2025 22:01:25: Peer 1003 has sent the 'not interested' message to Peer 1004.
11/28/2025 22:01:25: Peer 1003 has downloaded the piece 10 from Peer 1001. Now the number of pieces it has is 11.
11/28/2025 22:01:25: Peer 1003 received the 'not interested' message from Peer 1004.
11/28/2025 22:01:25: Peer 1003 received the 'have' message from Peer 1004 for the piece 10.
11/28/2025 22:01:25: Peer 1003 received the 'interested' message from Peer 1002.
11/28/2025 22:01:25: Peer 1003 received the 'not interested' message from Peer 1001.
11/28/2025 22:01:25: Peer 1003 has sent the 'not interested' message to Peer 1004.
11/28/2025 22:01:25: Peer 1003 has downloaded the piece 11 from Peer 1001. Now the number of pieces it has is 12.
11/28/2025 22:01:25: Peer 1003 received the 'not interested' message from Peer 1004.
11/28/2025 22:01:25: Peer 1003 received the 'have' message from Peer 1004 for the piece 11.
11/28/2025 22:01:25: Peer 1003 received the 'interested' message from Peer 1002.
11/28/2025 22:01:25: Peer 1003 received the 'not interested' message from Peer 1001.
11/28/2025 22:01:25: Peer 1003 has sent the 'not interested' message to Peer 1004.
11/28/2025 22:01:25: Peer 1003 has downloaded the piece 12 from Peer 1001. Now the number of pieces it has is 13.
11/28/2025 22:01:25: Peer 1003 received the 'not interested' message from Peer 1004.
11/28/2025 22:01:25: Peer 1003 received the 'have' message from Peer 1004 for the piece 12.
11/28/2025 22:01:25: Peer 1003 received the 'interested' message from Peer 1002.
11/28/2025 22:01:25: Peer 1003 received the 'not interested' message from Peer 1001.
11/28/2025 22:01:25: Peer 1003 has sent the 'not interested' message to Peer 1004.
11/28/2025 22:01:25: Peer 1003 received the 'not interested' message from Peer 1004.
11/28/2025 22:01:25: Peer 1003 has downloaded the piece 13 from Peer 1001. Now the number of pieces it has is 14.
11/28/2025 22:01:25: Peer 1003 received the 'have' message from Peer 1004 for the piece 13.
11/28/2025 22:01:25: Peer 1003 has sent the 'not interested' message to Peer 1004.
11/28/2025 22:01:25: Peer 1003 received the 'not interested' message from Peer 1001.
11/28/2025 22:01:25: Peer 1003 received the 'not interested' message from Peer 1004.
11/28/2025 22:01:25: Peer 1003 received the 'interested' message from Peer 1002.
11/28/2025 22:01:25: Peer 1003 has downloaded the piece 14 from Peer 1001. Now the number of pieces it has is 15.
11/28/2025 22:01:25: Peer 1003 received the 'have' message from Peer 1004 for the piece 14.
11/28/2025 22:01:25: Peer 1003 has sent the 'not interested' message to Peer 1004.
11/28/2025 22:01:25: Peer 1003 received the 'not interested' message from Peer 1004.
11/28/2025 22:01:25: Peer 1003 received the 'not interested' message from Peer 1001.
11/28/2025 22:01:25: Peer 1003 received the 'interested' message from Peer 1002.
11/28/2025 22:01:25: Peer 1003 received the 'have' message from Peer 1004 for the piece 15.
11/28/2025 22:01:25: Peer 1003 has downloaded the piece 15 from Peer 1001. Now the number of pieces it has is 16.
11/28/2025 22:01:25: Peer 1003 has sent the 'not interested' message to Peer 1004.
11/28/2025 22:01:25: Peer 1003 received the 'not interested' message from Peer 1004.
11/28/2025 22:01:25: Peer 1003 received the 'interested' message from Peer 1002.
11/28/2025 22:01:25: Peer 1003 received the 'not interested' message from Peer 1001.
11/28/2025 22:01:25: Peer 1003 received the 'have' message from Peer 1004 for the piece 16.
11/28/2025 22:01:25: Peer 1003 has downloaded the piece 16 from Peer 1001. Now the number of pieces it has is 17.
11/28/2025 22:01:25: Peer 1003 has sent the 'not interested' message to Peer 1004.
11/28/2025 22:01:25: Peer 1003 received the 'not interested' message from Peer 1004.
11/28/2025 22:01:25: Peer 1003 received the 'interested' message from Peer 1002.
11/28/2025 22:01:25: Peer 1003 received the 'not interested' message from Peer 1001.
11/28/2025 22:01:25: Peer 1003 received the 'have' message from Peer 1004 for the piece 17.
11/28/2025 22:01:25: Peer 1003 has downloaded the piece 17 from Peer 1001. Now the number of pieces it has is 18.
11/28/2025 22:01:25: Peer 1003 has sent the 'not interested' message to Peer 1004.
11/28/2025 22:01:25: Peer 1003 received the 'not interested' message from Peer 1004.
11/28/2025 22:01:25: Peer 1003 received the 'have' message from Peer 1004 for the piece 18.
11/28/2025 22:01:25: Peer 1003 received the 'interested' message from Peer 1002.
11/28/2025 22:01:25: Peer 1003 received the 'not interested' message from Peer 1001.
11/28/2025 22:01:25: Peer 1003 has sent the 'interested' message to Peer 1004.
11/28/2025 22:01:25: Peer 1003 has downloaded the piece 18 from Peer 1001. Now the number of pieces it has is 19.
11/28/2025 22:01:25: Peer 1003 received the 'not interested' message from Peer 1004.
11/28/2025 22:01:25: Peer 1003 received the 'interested' message from Peer 1002.
11/28/2025 22:01:25: Peer 1003 received the 'have' message from Peer 1004 for the piece 19.
11/28/2025 22:01:25: Peer 1003 received the 'not interested' message from Peer 1001.
11/28/2025 22:01:25: Peer 1003 has downloaded the piece 19 from Peer 1001. Now the number of pieces it has is 20.
11/28/2025 22:01:25: Peer 1003 has sent the 'not interested' message to Peer 1004.
11/28/2025 22:01:25: Peer 1003 received the 'not interested' message from Peer 1004.
11/28/2025 22:01:25: Peer 1003 received the 'not interested' message from Peer 1001.
11/28/2025 22:01:25: Peer 1003 received the 'interested' message from Peer 1002.
11/28/2025 22:01:25: Peer 1003 has downloaded the piece 20 from Peer 1001. Now the number of pieces it has is 21.
11/28/2025 22:01:25: Peer 1003 received the 'have' message from Peer 1004 for the piece 20.
11/28/2025 22:01:25: Peer 1003 received the 'not interested' message from Peer 1001.
11/28/2025 22:01:25: Peer 1003 received the 'interested' message from Peer 1002.
11/28/2025 22:01:25: Peer 1003 has sent the 'not interested' message to Peer 1004.
11/28/2025 22:01:25: Peer 1003 has downloaded the piece 21 from Peer 1001. Now the number of pieces it has is 22.
11/28/2025 22:01:25: Peer 1003 received the 'not interested' message from Peer 1004.
11/28/2025 22:01:25: Peer 1003 received the 'have' message from Peer 1004 for the piece 21.
11/28/2025 22:01:25: Peer 1003 received the 'not interested' message from Peer 1001.
11/28/2025 22:01:25: Peer 1003 received the 'interested' message from Peer 1002.
11/28/2025 22:01:25: Peer 1003 has sent the 'not interested' message to Peer 1004.
11/28/2025 22:01:25: Peer 1003 has downloaded the piece 22 from Peer 1001. Now the number of pieces it has is 23.
11/28/2025 22:01:25: Peer 1003 received the 'not interested' message from Peer 1004.
11/28/2025 22:01:25: Peer 1003 received the 'have' message from Peer 1004 for the piece 22.
11/28/2025 22:01:25: Peer 1003 received the 'interested' message from Peer 1002.
11/28/2025 22:01:25: Peer 1003 received the 'not interested' message from Peer 1001.
11/28/2025 22:01:25: Peer 1003 has sent the 'not interested' message to Peer 1004.
11/28/2025 22:01:25: Peer 1003 received the 'not interested' message from Peer 1004.
11/28/2025 22:01:25: Peer 1003 received the 'have' message from Peer 1004 for the piece 23.
11/28/2025 22:01:25: Peer 1003 has downloaded the piece 23 from Peer 1001. Now the number of pieces it has is 24.
11/28/2025 22:01:25: Peer 1003 has sent the 'not interested' message to Peer 1004.
11/28/2025 22:01:25: Peer 1003 received the 'interested' message from Peer 1002.
11/28/2025 22:01:25: Peer 1003 received the 'not interested' message from Peer 1004.
11/28/2025 22:01:25: Peer 1003 received the 'not interested' message from Peer 1001.
11/28/2025 22:01:25: Peer 1003 received the 'have' message from Peer 1004 for the piece 24.
11/28/2025 22:01:25: Peer 1003 has downloaded the piece 24 from Peer 1001. Now the number of pieces it has is 25.
11/28/2025 22:01:25: Peer 1003 has sent the 'not interested' message to Peer 1004.
11/28/2025 22:01:25: Peer 1003 received the 'not interested' message from Peer 1001.
11/28/2025 22:01:25: Peer 1003 received the 'interested' message from Peer 1002.
11/28/2025 22:01:25: Peer 1003 received the 'have' message from Peer 1004 for the piece 25.
11/28/2025 22:01:25: Peer 1003 has downloaded the piece 25 from Peer 1001. Now the number of pieces it has is 26.
11/28/2025 22:01:25: Peer 1003 has sent the 'not interested' message to Peer 1004.
11/28/2025 22:01:25: Peer 1003 received the 'interested' message from Peer 1002.
11/28/2025 22:01:25: Peer 1003 received the 'not interested' message from Peer 1004.
11/28/2025 22:01:25: Peer 1003 received the 'not interested' message from Peer 1001.
11/28/2025 22:01:25: Peer 1003 received the 'have' message from Peer 1004 for the piece 26.
11/28/2025 22:01:25: Peer 1003 has downloaded the piece 26 from Peer 1001. Now the number of pieces it has is 27.
11/28/2025 22:01:25: Peer 1003 has sent the 'not interested' message to Peer 1004.
11/28/2025 22:01:25: Peer 1003 received the 'not interested' message from Peer 1001.
11/28/2025 22:01:25: Peer 1003 received the 'not interested' message from Peer 1004.
11/28/2025 22:01:25: Peer 1003 received the 'interested' message from Peer 1002.
11/28/2025 22:01:25: Peer 1003 has downloaded the piece 27 from Peer 1001. Now the number of pieces it has is 28.
11/28/2025 22:01:25: Peer 1003 received the 'have' message from Peer 1004 for the piece 27.
11/28/2025 22:01:25: Peer 1003 received the 'interested' message from Peer 1002.
11/28/2025 22:01:25: Peer 1003 received the 'not interested' message from Peer 1001.
11/28/2025 22:01:25: Peer 1003 has sent the 'not interested' message to Peer 1004.
11/28/2025 22:01:25: Peer 1003 has downloaded the piece 28 from Peer 1001. Now the number of pieces it has is 29.
11/28/2025 22:01:25: Peer 1003 received the 'have' message from Peer 1004 for the piece 28.
11/28/2025 22:01:25: Peer 1003 has sent the 'not interested' message to Peer 1004.
11/28/2025 22:01:25: Peer 1003 received the 'not interested' message from Peer 1001.
11/28/2025 22:01:25: Peer 1003 received the 'not interested' message from Peer 1004.
11/28/2025 22:01:25: Peer 1003 has downloaded the piece 29 from Peer 1001. Now the number of pieces it has is 30.
11/28/2025 22:01:25: Peer 1003 received the 'have' message from Peer 1004 for the piece 29.
11/28/2025 22:01:25: Peer 1003 received the 'interested' message from Peer 1002.
11/28/2025 22:01:25: Peer 1003 has sent the 'not interested' message to Peer 1004.
11/28/2025 22:01:25: Peer 1003 received the 'not interested' message from Peer 1001.
11/28/2025 22:01:25: Peer 1003 received the 'not interested' message from Peer 1004.
11/28/2025 22:01:25: Peer 1003 received the 'interested' message from Peer 1002.
11/28/2025 22:01:25: Peer 1003 received the 'have' message from Peer 1004 for the piece 30.
11/28/2025 22:01:25: Peer 1003 has downloaded the piece 30 from Peer 1001. Now the number of pieces it has is 31.
11/28/2025 22:01:25: Peer 1003 received the 'not interested' message from Peer 1001.
11/28/2025 22:01:25: Peer 1003 has sent the 'not interested' message to Peer 1004.
11/28/2025 22:01:25: Peer 1003 has downloaded the piece 31 from Peer 1001. Now the number of pieces it has is 32.
11/28/2025 22:01:25: Peer 1003 received the 'interested' message from Peer 1002.
11/28/2025 22:01:25: Peer 1003 received the 'not interested' message from Peer 1004.
11/28/2025 22:01:25: Peer 1003 received the 'not interested' message from Peer 1001.
11/28/2025 22:01:25: Peer 1003 received the 'have' message from Peer 1004 for the piece 31.
11/28/2025 22:01:25: Peer 1003 received the 'interested' message from Peer 1002.
11/28/2025 22:01:25: Peer 1003 has downloaded the piece 32 from Peer 1001. Now the number of pieces it has is 33.
11/28/2025 22:01:25: Peer 1003 has sent the 'not interested' message to Peer 1004.
11/28/2025 22:01:25: Peer 1003 received the 'not interested' message from Peer 1004.
11/28/2025 22:01:25: Peer 1003 received the 'not interested' message from Peer 1001.
11/28/2025 22:01:25: Peer 1003 received the 'interested' message from Peer 1002.
11/28/2025 22:01:25: Peer 1003 received the 'have' message from Peer 1004 for the piece 32.
11/28/2025 22:01:25: Peer 1003 has downloaded the piece 33 from Peer 1001. Now the number of pieces it has is 34.
11/28/2025 22:01:25: Peer 1003 has sent the 'not interested' message to Peer 1004.
11/28/2025 22:01:25: Peer 1003 received the 'not interested' message from Peer 1004.
11/28/2025 22:01:25: Peer 1003 received the 'interested' message from Peer 1002.
11/28/2025 22:01:25: Peer 1003 received the 'not interested' message from Peer 1001.
11/28/2025 22:01:25: Peer 1003 received the 'have' message from Peer 1004 for the piece 33.
11/28/2025 22:01:25: Peer 1003 has downloaded the piece 34 from Peer 1001. Now the number of pieces it has is 35.
11/28/2025 22:01:25: Peer 1003 has sent the 'not interested' message to Peer 1004.
11/28/2025 22:01:25: Peer 1003 received the 'have' message from Peer 1004 for the piece 34.
11/28/2025 22:01:25: Peer 1003 received the 'not interested' message from Peer 1001.
11/28/2025 22:01:25: Peer 1003 received the 'interested' message from Peer 1002.
11/28/2025 22:01:25: Peer 1003 has sent the 'not interested' message to Peer 1004.
11/28/2025 22:01:25: Peer 1003 received the 'not interested' message from Peer 1004.
11/28/2025 22:01:25: Peer 1003 has downloaded the piece 35 from Peer 1001. Now the number of pieces it has is 36.
11/28/2025 22:01:25: Peer 1003 received the 'have' message from Peer 1004 for the piece 35.
11/28/2025 22:01:25: Peer 1003 has sent the 'not interested' message to Peer 1004.
11/28/2025 22:01:25: Peer 1003 received the 'not interested' message from Peer 1001.
11/28/2025 22:01:25: Peer 1003 received the 'not interested' message from Peer 1004.
11/28/2025 22:01:25: Peer 1003 has downloaded the piece 36 from Peer 1001. Now the number of pieces it has is 37.
11/28/2025 22:01:25: Peer 1003 received the 'interested' message from Peer 1002.
11/28/2025 22:01:25: Peer 1003 received the 'have' message from Peer 1004 for the piece 36.
11/28/2025 22:01:25: Peer 1003 received the 'not interested' message from Peer 1001.
11/28/2025 22:01:25: Peer 1003 has sent the 'not interested' message to Peer 1004.
11/28/2025 22:01:25: Peer 1003 received the 'interested' message from Peer 1002.
11/28/2025 22:01:25: Peer 1003 received the 'not interested' message from Peer 1004.
11/28/2025 22:01:25: Peer 1003 has downloaded the piece 37 from Peer 1001. Now the number of pieces it has is 38.
11/28/2025 22:01:25: Peer 1003 received the 'not interested' message from Peer 1004.
11/28/2025 22:01:25: Peer 1003 received the 'have' message from Peer 1004 for the piece 37.
11/28/2025 22:01:25: Peer 1003 received the 'interested' message from Peer 1002.
11/28/2025 22:01:25: Peer 1003 received the 'not interested' message from Peer 1001.
11/28/2025 22:01:25: Peer 1003 has sent the 'not interested' message to Peer 1004.
11/28/2025 22:01:25: Peer 1003 has downloaded the piece 38 from Peer 1001. Now the number of pieces it has is 39.
11/28/2025 22:01:25: Peer 1003 received the 'not interested' message from Peer 1004.
11/28/2025 22:01:25: Peer 1003 received the 'have' message from Peer 1004 for the piece 38.
11/28/2025 22:01:25: Peer 1003 received the 'not interested' message from Peer 1001.
11/28/2025 22:01:25: Peer 1003 received the 'interested' message from Peer 1002.
11/28/2025 22:01:25: Peer 1003 has downloaded the piece 39 from Peer 1001. Now the number of pieces it has is 40.
11/28/2025 22:01:25: Peer 1003 received the 'interested' message from Peer 1002.
11/28/2025 22:01:25: Peer 1003 received the 'not interested' message from Peer 1001.
11/28/2025 22:01:25: Peer 1003 has sent the 'not interested' message to Peer 1004.
11/28/2025 22:01:25: Peer 1003 has downloaded the piece 40 from Peer 1001. Now the number of pieces it has is 41.
11/28/2025 22:01:25: Peer 1003 received the 'not interested' message from Peer 1004.
11/28/2025 22:01:25: Peer 1003 received the 'not interested' message from Peer 1001.
11/28/2025 22:01:25: Peer 1003 received the 'have' message from Peer 1004 for the piece 39.
11/28/2025 22:01:25: Peer 1003 received the 'interested' message from Peer 1002.
11/28/2025 22:01:25: Peer 1003 has downloaded the piece 41 from Peer 1001. Now the number of pieces it has is 42.
11/28/2025 22:01:25: Peer 1003 has sent the 'not interested' message to Peer 1004.
11/28/2025 22:01:25: Peer 1003 received the 'have' message from Peer 1004 for the piece 40.
11/28/2025 22:01:25: Peer 1003 received the 'not interested' message from Peer 1001.
11/28/2025 22:01:25: Peer 1003 received the 'interested' message from Peer 1002.
11/28/2025 22:01:25: Peer 1003 has downloaded the piece 42 from Peer 1001. Now the number of pieces it has is 43.
11/28/2025 22:01:25: Peer 1003 has sent the 'not interested' message to Peer 1004.
11/28/2025 22:01:25: Peer 1003 received the 'not interested' message from Peer 1004.
11/28/2025 22:01:25: Peer 1003 received the 'interested' message from Peer 1002.
11/28/2025 22:01:25: Peer 1003 received the 'not interested' message from Peer 1004.
11/28/2025 22:01:25: Peer 1003 received the 'not interested' message from Peer 1001.
11/28/2025 22:01:25: Peer 1003 received the 'have' message from Peer 1004 for the piece 41.
11/28/2025 22:01:25: Peer 1003 has downloaded the piece 43 from Peer 1001. Now the number of pieces it has is 44.
11/28/2025 22:01:25: Peer 1003 has sent the 'not interested' message to Peer 1004.
11/28/2025 22:01:25: Peer 1003 received the 'not interested' message from Peer 1004.
11/28/2025 22:01:25: Peer 1003 received the 'interested' message from Peer 1002.
11/28/2025 22:01:25: Peer 1003 received the 'not interested' message from Peer 1001.
11/28/2025 22:01:25: Peer 1003 received the 'have' message from Peer 1004 for the piece 42.
11/28/2025 22:01:25: Peer 1003 has downloaded the piece 44 from Peer 1001. Now the number of pieces it has is 45.
11/28/2025 22:01:25: Peer 1003 has sent the 'not interested' message to Peer 1004.
11/28/2025 22:01:25: Peer 1003 received the 'not interested' message from Peer 1001.
11/28/2025 22:01:25: Peer 1003 received the 'interested' message from Peer 1002.
11/28/2025 22:01:25: Peer 1003 received the 'not interested' message from Peer 1004.
11/28/2025 22:01:25: Peer 1003 has downloaded the piece 45 from Peer 1001. Now the number of pieces it has is 46.
11/28/2025 22:01:25: Peer 1003 received the 'have' message from Peer 1004 for the piece 43.
11/28/2025 22:01:25: Peer 1003 received the 'not interested' message from Peer 1001.
11/28/2025 22:01:25: Peer 1003 received the 'interested' message from Peer 1002.
11/28/2025 22:01:25: Peer 1003 has sent the 'not interested' message to Peer 1004.
11/28/2025 22:01:25: Peer 1003 has downloaded the piece 46 from Peer 1001. Now the number of pieces it has is 47.
11/28/2025 22:01:25: Peer 1003 received the 'have' message from Peer 1004 for the piece 44.
11/28/2025 22:01:25: Peer 1003 received the 'not interested' message from Peer 1001.
11/28/2025 22:01:25: Peer 1003 has sent the 'not interested' message to Peer 1004.
11/28/2025 22:01:25: Peer 1003 received the 'interested' message from Peer 1002.
11/28/2025 22:01:25: Peer 1003 has downloaded the piece 47 from Peer 1001. Now the number of pieces it has is 48.
11/28/2025 22:01:25: Peer 1003 received the 'not interested' message from Peer 1004.
11/28/2025 22:01:25: Peer 1003 received the 'interested' message from Peer 1002.
11/28/2025 22:01:25: Peer 1003 received the 'not interested' message from Peer 1001.
11/28/2025 22:01:25: Peer 1003 received the 'have' message from Peer 1004 for the piece 45.
11/28/2025 22:01:25: Peer 1003 has downloaded the piece 48 from Peer 1001. Now the number of pieces it has is 49.
11/28/2025 22:01:25: Peer 1003 has sent the 'not interested' message to Peer 1004.
11/28/2025 22:01:25: Peer 1003 received the 'interested' message from Peer 1002.
11/28/2025 22:01:25: Peer 1003 received the 'not interested' message from Peer 1004.
11/28/2025 22:01:25: Peer 1003 received the 'not interested' message from Peer 1001.
11/28/2025 22:01:25: Peer 1003 received the 'have' message from Peer 1004 for the piece 46.
11/28/2025 22:01:25: Peer 1003 has downloaded the piece 49 from Peer 1001. Now the number of pieces it has is 50.
11/28/2025 22:01:25: Peer 1003 has sent the 'not interested' message to Peer 1004.
11/28/2025 22:01:25: Peer 1003 received the 'not interested' message from Peer 1001.
11/28/2025 22:01:25: Peer 1003 received the 'not interested' message from Peer 1004.
11/28/2025 22:01:25: Peer 1003 received the 'interested' message from Peer 1002.
11/28/2025 22:01:25: Peer 1003 has downloaded the piece 50 from Peer 1001. Now the number of pieces it has is 51.
11/28/2025 22:01:25: Peer 1003 received the 'have' message from Peer 1004 for the piece 47.
11/28/2025 22:01:25: Peer 1003 received the 'not interested' message from Peer 1001.
11/28/2025 22:01:25: Peer 1003 has sent the 'not interested' message to Peer 1004.
11/28/2025 22:01:25: Peer 1003 received the 'interested' message from Peer 1002.
11/28/2025 22:01:25: Peer 1003 has downloaded the piece 51 from Peer 1001. Now the number of pieces it has is 52.
11/28/2025 22:01:25: Peer 1003 received the 'not interested' message from Peer 1004.
11/28/2025 22:01:25: Peer 1003 received the 'have' message from Peer 1004 for the piece 48.
11/28/2025 22:01:25: Peer 1003 received the 'interested' message from Peer 1002.
11/28/2025 22:01:25: Peer 1003 received the 'not interested' message from Peer 1001.
11/28/2025 22:01:25: Peer 1003 has downloaded the piece 52 from Peer 1001. Now the number of pieces it has is 53.
11/28/2025 22:01:25: Peer 1003 has sent the 'not interested' message to Peer 1004.
11/28/2025 22:01:25: Peer 1003 received the 'not interested' message from Peer 1004.
11/28/2025 22:01:25: Peer 1003 received the 'not interested' message from Peer 1001.
11/28/2025 22:01:25: Peer 1003 received the 'interested' message from Peer 1002.
11/28/2025 22:01:25: Peer 1003 received the 'have' message from Peer 1004 for the piece 49.
11/28/2025 22:01:25: Peer 1003 has downloaded the piece 53 from Peer 1001. Now the number of pieces it has is 54.
11/28/2025 22:01:25: Peer 1003 has sent the 'not interested' message to Peer 1004.
11/28/2025 22:01:25: Peer 1003 received the 'not interested' message from Peer 1004.
11/28/2025 22:01:25: Peer 1003 received the 'interested' message from Peer 1002.
11/28/2025 22:01:25: Peer 1003 received the 'not interested' message from Peer 1001.
11/28/2025 22:01:25: Peer 1003 received the 'have' message from Peer 1004 for the piece 50.
11/28/2025 22:01:25: Peer 1003 has downloaded the piece 54 from Peer 1001. Now the number of pieces it has is 55.
11/28/2025 22:01:25: Peer 1003 has sent the 'not interested' message to Peer 1004.
11/28/2025 22:01:25: Peer 1003 received the 'not interested' message from Peer 1004.
11/28/2025 22:01:25: Peer 1003 received the 'not interested' message from Peer 1001.
11/28/2025 22:01:25: Peer 1003 received the 'interested' message from Peer 1002.
11/28/2025 22:01:25: Peer 1003 received the 'have' message from Peer 1004 for the piece 51.
11/28/2025 22:01:25: Peer 1003 has downloaded the piece 55 from Peer 1001. Now the number of pieces it has is 56.
11/28/2025 22:01:25: Peer 1003 has sent the 'not interested' message to Peer 1004.
11/28/2025 22:01:25: Peer 1003 received the 'not interested' message from Peer 1001.
11/28/2025 22:01:25: Peer 1003 received the 'not interested' message from Peer 1004.
11/28/2025 22:01:25: Peer 1003 received the 'interested' message from Peer 1002.
11/28/2025 22:01:25: Peer 1003 has downloaded the piece 56 from Peer 1001. Now the number of pieces it has is 57.
11/28/2025 22:01:25: Peer 1003 received the 'not interested' message from Peer 1004.
11/28/2025 22:01:25: Peer 1003 received the 'have' message from Peer 1004 for the piece 52.
11/28/2025 22:01:25: Peer 1003 received the 'interested' message from Peer 1002.
11/28/2025 22:01:25: Peer 1003 received the 'not interested' message from Peer 1001.
11/28/2025 22:01:25: Peer 1003 has sent the 'not interested' message to Peer 1004.
11/28/2025 22:01:25: Peer 1003 has downloaded the piece 57 from Peer 1001. Now the number of pieces it has is 58.
11/28/2025 22:01:25: Peer 1003 received the 'have' message from Peer 1004 for the piece 53.
11/28/2025 22:01:25: Peer 1003 has sent the 'not interested' message to Peer 1004.
11/28/2025 22:01:25: Peer 1003 received the 'not interested' message from Peer 1001.
11/28/2025 22:01:25: Peer 1003 received the 'interested' message from Peer 1002.
11/28/2025 22:01:25: Peer 1003 received the 'not interested' message from Peer 1004.
11/28/2025 22:01:25: Peer 1003 has downloaded the piece 58 from Peer 1001. Now the number of pieces it has is 59.
11/28/2025 22:01:25: Peer 1003 received the 'not interested' message from Peer 1004.
11/28/2025 22:01:25: Peer 1003 received the 'have' message from Peer 1004 for the piece 54.
11/28/2025 22:01:25: Peer 1003 received the 'interested' message from Peer 1002.
11/28/2025 22:01:25: Peer 1003 received the 'not interested' message from Peer 1001.
11/28/2025 22:01:25: Peer 1003 has downloaded the piece 59 from Peer 1001. Now the number of pieces it has is 60.
11/28/2025 22:01:25: Peer 1003 has sent the 'not interested' message to Peer 1004.
11/28/2025 22:01:25: Peer 1003 received the 'not interested' message from Peer 1001.
11/28/2025 22:01:25: Peer 1003 received the 'not interested' message from Peer 1004.
11/28/2025 22:01:25: Peer 1003 has downloaded the piece 60 from Peer 1001. Now the number of pieces it has is 61.
11/28/2025 22:01:25: Peer 1003 received the 'interested' message from Peer 1002.
11/28/2025 22:01:25: Peer 1003 received the 'have' message from Peer 1004 for the piece 55.
11/28/2025 22:01:25: Peer 1003 has sent the 'not interested' message to Peer 1004.
11/28/2025 22:01:25: Peer 1003 received the 'not interested' message from Peer 1001.
11/28/2025 22:01:25: Peer 1003 received the 'interested' message from Peer 1002.
11/28/2025 22:01:25: Peer 1003 has downloaded the piece 61 from Peer 1001. Now the number of pieces it has is 62.
11/28/2025 22:01:25: Peer 1003 received the 'not interested' message from Peer 1004.
11/28/2025 22:01:25: Peer 1003 received the 'have' message from Peer 1004 for the piece 56.
11/28/2025 22:01:25: Peer 1003 received the 'interested' message from Peer 1002.
11/28/2025 22:01:25: Peer 1003 received the 'not interested' message from Peer 1001.
11/28/2025 22:01:25: Peer 1003 has sent the 'not interested' message to Peer 1004.
11/28/2025 22:01:25: Peer 1003 has downloaded the piece 62 from Peer 1001. Now the number of pieces it has is 63.
11/28/2025 22:01:25: Peer 1003 received the 'not interested' message from Peer 1004.
11/28/2025 22:01:25: Peer 1003 received the 'have' message from Peer 1004 for the piece 57.
11/28/2025 22:01:25: Peer 1003 has sent the 'not interested' message to Peer 1004.
11/28/2025 22:01:25: Peer 1003 received the 'not interested' message from Peer 1001.
11/28/2025 22:01:25: Peer 1003 received the 'interested' message from Peer 1002.
11/28/2025 22:01:25: Peer 1003 received the 'not interested' message from Peer 1004.
11/28/2025 22:01:25: Peer 1003 has downloaded the piece 63 from Peer 1001. Now the number of pieces it has is 64.
11/28/2025 22:01:25: Peer 1003 received the 'have' message from Peer 1004 for the piece 58.
11/28/2025 22:01:25: Peer 1003 received the 'not interested' message from Peer 1001.
11/28/2025 22:01:25: Peer 1003 received the 'interested' message from Peer 1002.
11/28/2025 22:01:25: Peer 1003 has sent the 'not interested' message to Peer 1004.
11/28/2025 22:01:25: Peer 1003 has downloaded the piece 64 from Peer 1001. Now the number of pieces it has is 65.
11/28/2025 22:01:25: Peer 1003 received the 'not interested' message from Peer 1004.
11/28/2025 22:01:25: Peer 1003 received the 'have' message from Peer 1004 for the piece 59.
11/28/2025 22:01:25: Peer 1003 received the 'interested' message from Peer 1002.
11/28/2025 22:01:25: Peer 1003 received the 'not interested' message from Peer 1001.
11/28/2025 22:01:25: Peer 1003 has sent the 'not interested' message to Peer 1004.
11/28/2025 22:01:25: Peer 1003 has downloaded the piece 65 from Peer 1001. Now the number of pieces it has is 66.
11/28/2025 22:01:25: Peer 1003 received the 'not interested' message from Peer 1004.
11/28/2025 22:01:25: Peer 1003 received the 'have' message from Peer 1004 for the piece 60.
11/28/2025 22:01:25: Peer 1003 received the 'not interested' message from Peer 1001.
11/28/2025 22:01:25: Peer 1003 received the 'interested' message from Peer 1002.
11/28/2025 22:01:25: Peer 1003 has sent the 'not interested' message to Peer 1004.
11/28/2025 22:01:25: Peer 1003 received the 'not interested' message from Peer 1004.
11/28/2025 22:01:25: Peer 1003 has downloaded the piece 66 from Peer 1001. Now the number of pieces it has is 67.
11/28/2025 22:01:26: Peer 1003 received the 'have' message from Peer 1004 for the piece 61.
11/28/2025 22:01:26: Peer 1003 received the 'not interested' message from Peer 1001.
11/28/2025 22:01:26: Peer 1003 has sent the 'not interested' message to Peer 1004.
11/28/2025 22:01:26: Peer 1003 received the 'interested' message from Peer 1002.
11/28/2025 22:01:26: Peer 1003 has downloaded the piece 67 from Peer 1001. Now the number of pieces it has is 68.
11/28/2025 22:01:26: Peer 1003 received the 'have' message from Peer 1004 for the piece 62.
11/28/2025 22:01:26: Peer 1003 has sent the 'not interested' message to Peer 1004.
11/28/2025 22:01:26: Peer 1003 received the 'not interested' message from Peer 1001.
11/28/2025 22:01:26: Peer 1003 received the 'interested' message from Peer 1002.
11/28/2025 22:01:26: Peer 1003 received the 'not interested' message from Peer 1004.
11/28/2025 22:01:26: Peer 1003 has downloaded the piece 68 from Peer 1001. Now the number of pieces it has is 69.
11/28/2025 22:01:26: Peer 1003 received the 'have' message from Peer 1004 for the piece 63.
11/28/2025 22:01:26: Peer 1003 has sent the 'not interested' message to Peer 1004.
11/28/2025 22:01:26: Peer 1003 received the 'not interested' message from Peer 1001.
11/28/2025 22:01:26: Peer 1003 received the 'interested' message from Peer 1002.
11/28/2025 22:01:26: Peer 1003 received the 'not interested' message from Peer 1004.
11/28/2025 22:01:26: Peer 1003 has downloaded the piece 69 from Peer 1001. Now the number of pieces it has is 70.
11/28/2025 22:01:26: Peer 1003 received the 'have' message from Peer 1004 for the piece 64.
11/28/2025 22:01:26: Peer 1003 received the 'not interested' message from Peer 1001.
11/28/2025 22:01:26: Peer 1003 has sent the 'not interested' message to Peer 1004.
11/28/2025 22:01:26: Peer 1003 received the 'interested' message from Peer 1002.
11/28/2025 22:01:26: Peer 1003 received the 'not interested' message from Peer 1004.
11/28/2025 22:01:26: Peer 1003 has downloaded the piece 70 from Peer 1001. Now the number of pieces it has is 71.
11/28/2025 22:01:26: Peer 1003 received the 'have' message from Peer 1004 for the piece 65.
11/28/2025 22:01:26: Peer 1003 has sent the 'not interested' message to Peer 1004.
11/28/2025 22:01:26: Peer 1003 received the 'interested' message from Peer 1002.
11/28/2025 22:01:26: Peer 1003 received the 'not interested' message from Peer 1001.
11/28/2025 22:01:26: Peer 1003 received the 'not interested' message from Peer 1004.
11/28/2025 22:01:26: Peer 1003 has downloaded the piece 71 from Peer 1001. Now the number of pieces it has is 72.
11/28/2025 22:01:26: Peer 1003 received the 'have' message from Peer 1004 for the piece 66.
11/28/2025 22:01:26: Peer 1003 has sent the 'not interested' message to Peer 1004.
11/28/2025 22:01:26: Peer 1003 received the 'interested' message from Peer 1002.
11/28/2025 22:01:26: Peer 1003 received the 'not interested' message from Peer 1001.
11/28/2025 22:01:26: Peer 1003 received the 'not interested' message from Peer 1004.
11/28/2025 22:01:26: Peer 1003 has downloaded the piece 72 from Peer 1001. Now the number of pieces it has is 73.
11/28/2025 22:01:26: Peer 1003 received the 'have' message from Peer 1004 for the piece 67.
11/28/2025 22:01:26: Peer 1003 has sent the 'not interested' message to Peer 1004.
11/28/2025 22:01:26: Peer 1003 received the 'not interested' message from Peer 1001.
11/28/2025 22:01:26: Peer 1003 received the 'interested' message from Peer 1002.
11/28/2025 22:01:26: Peer 1003 received the 'not interested' message from Peer 1004.
11/28/2025 22:01:26: Peer 1003 has downloaded the piece 73 from Peer 1001. Now the number of pieces it has is 74.
11/28/2025 22:01:26: Peer 1003 received the 'have' message from Peer 1004 for the piece 68.
11/28/2025 22:01:26: Peer 1003 has sent the 'not interested' message to Peer 1004.
11/28/2025 22:01:26: Peer 1003 received the 'interested' message from Peer 1002.
11/28/2025 22:01:26: Peer 1003 received the 'not interested' message from Peer 1001.
11/28/2025 22:01:26: Peer 1003 received the 'not interested' message from Peer 1004.
11/28/2025 22:01:26: Peer 1003 has downloaded the piece 74 from Peer 1001. Now the number of pieces it has is 75.
11/28/2025 22:01:26: Peer 1003 received the 'have' message from Peer 1004 for the piece 69.
11/28/2025 22:01:26: Peer 1003 received the 'interested' message from Peer 1002.
11/28/2025 22:01:26: Peer 1003 received the 'not interested' message from Peer 1001.
11/28/2025 22:01:26: Peer 1003 has downloaded the piece 75 from Peer 1001. Now the number of pieces it has is 76.
11/28/2025 22:01:26: Peer 1003 has sent the 'not interested' message to Peer 1004.
11/28/2025 22:01:26: Peer 1003 received the 'not interested' message from Peer 1004.
11/28/2025 22:01:26: Peer 1003 received the 'not interested' message from Peer 1001.
11/28/2025 22:01:26: Peer 1003 received the 'interested' message from Peer 1002.
11/28/2025 22:01:26: Peer 1003 has downloaded the piece 76 from Peer 1001. Now the number of pieces it has is 77.
11/28/2025 22:01:26: Peer 1003 received the 'have' message from Peer 1004 for the piece 70.
11/28/2025 22:01:26: Peer 1003 has sent the 'not interested' message to Peer 1004.
11/28/2025 22:01:26: Peer 1003 received the 'interested' message from Peer 1002.
11/28/2025 22:01:26: Peer 1003 received the 'not interested' message from Peer 1001.
11/28/2025 22:01:26: Peer 1003 received the 'not interested' message from Peer 1004.
11/28/2025 22:01:26: Peer 1003 has downloaded the piece 77 from Peer 1001. Now the number of pieces it has is 78.
11/28/2025 22:01:26: Peer 1003 received the 'have' message from Peer 1004 for the piece 71.
11/28/2025 22:01:26: Peer 1003 received the 'not interested' message from Peer 1001.
11/28/2025 22:01:26: Peer 1003 has downloaded the piece 78 from Peer 1001. Now the number of pieces it has is 79.
11/28/2025 22:01:26: Peer 1003 received the 'interested' message from Peer 1002.
11/28/2025 22:01:26: Peer 1003 received the 'not interested' message from Peer 1001.
11/28/2025 22:01:26: Peer 1003 received the 'interested' message from Peer 1002.
11/28/2025 22:01:26: Peer 1003 has sent the 'not interested' message to Peer 1004.
11/28/2025 22:01:26: Peer 1003 has downloaded the piece 79 from Peer 1001. Now the number of pieces it has is 80.
11/28/2025 22:01:26: Peer 1003 received the 'not interested' message from Peer 1004.
11/28/2025 22:01:26: Peer 1003 received the 'have' message from Peer 1004 for the piece 72.
11/28/2025 22:01:26: Peer 1003 received the 'interested' message from Peer 1002.
11/28/2025 22:01:26: Peer 1003 has sent the 'not interested' message to Peer 1004.
11/28/2025 22:01:26: Peer 1003 received the 'not interested' message from Peer 1001.
11/28/2025 22:01:26: Peer 1003 received the 'not interested' message from Peer 1004.
11/28/2025 22:01:26: Peer 1003 has downloaded the piece 80 from Peer 1001. Now the number of pieces it has is 81.
11/28/2025 22:01:26: Peer 1003 received the 'have' message from Peer 1004 for the piece 73.
11/28/2025 22:01:26: Peer 1003 received the 'not interested' message from Peer 1001.
11/28/2025 22:01:26: Peer 1003 received the 'interested' message from Peer 1002.
11/28/2025 22:01:26: Peer 1003 has sent the 'not interested' message to Peer 1004.
11/28/2025 22:01:26: Peer 1003 has downloaded the piece 81 from Peer 1001. Now the number of pieces it has is 82.
11/28/2025 22:01:26: Peer 1003 received the 'not interested' message from Peer 1004.
11/28/2025 22:01:26: Peer 1003 received the 'have' message from Peer 1004 for the piece 74.
11/28/2025 22:01:26: Peer 1003 received the 'interested' message from Peer 1002.
11/28/2025 22:01:26: Peer 1003 received the 'not interested' message from Peer 1001.
11/28/2025 22:01:26: Peer 1003 has sent the 'not interested' message to Peer 1004.
11/28/2025 22:01:26: Peer 1003 has downloaded the piece 82 from Peer 1001. Now the number of pieces it has is 83.
11/28/2025 22:01:26: Peer 1003 received the 'not interested' message from Peer 1004.
11/28/2025 22:01:26: Peer 1003 received the 'have' message from Peer 1004 for the piece 75.
11/28/2025 22:01:26: Peer 1003 received the 'interested' message from Peer 1002.
11/28/2025 22:01:26: Peer 1003 received the 'not interested' message from Peer 1001.
11/28/2025 22:01:26: Peer 1003 has sent the 'not interested' message to Peer 1004.
11/28/2025 22:01:26: Peer 1003 has downloaded the piece 83 from Peer 1001. Now the number of pieces it has is 84.
11/28/2025 22:01:26: Peer 1003 received the 'not interested' message from Peer 1004.
11/28/2025 22:01:26: Peer 1003 received the 'not interested' message from Peer 1001.
11/28/2025 22:01:26: Peer 1003 received the 'have' message from Peer 1004 for the piece 76.
11/28/2025 22:01:26: Peer 1003 received the 'interested' message from Peer 1002.
11/28/2025 22:01:26: Peer 1003 has downloaded the piece 84 from Peer 1001. Now the number of pieces it has is 85.
11/28/2025 22:01:26: Peer 1003 has sent the 'not interested' message to Peer 1004.
11/28/2025 22:01:26: Peer 1003 received the 'have' message from Peer 1004 for the piece 77.
11/28/2025 22:01:26: Peer 1003 received the 'not interested' message from Peer 1001.
11/28/2025 22:01:26: Peer 1003 received the 'interested' message from Peer 1002.
11/28/2025 22:01:26: Peer 1003 has sent the 'not interested' message to Peer 1004.
11/28/2025 22:01:26: Peer 1003 has downloaded the piece 85 from Peer 1001. Now the number of pieces it has is 86.
11/28/2025 22:01:26: Peer 1003 received the 'not interested' message from Peer 1004.
11/28/2025 22:01:26: Peer 1003 received the 'have' message from Peer 1004 for the piece 78.
11/28/2025 22:01:26: Peer 1003 received the 'not interested' message from Peer 1001.
11/28/2025 22:01:26: Peer 1003 received the 'interested' message from Peer 1002.
11/28/2025 22:01:26: Peer 1003 has downloaded the piece 86 from Peer 1001. Now the number of pieces it has is 87.
11/28/2025 22:01:26: Peer 1003 has sent the 'not interested' message to Peer 1004.
11/28/2025 22:01:26: Peer 1003 received the 'not interested' message from Peer 1004.
11/28/2025 22:01:26: Peer 1003 received the 'have' message from Peer 1004 for the piece 79.
11/28/2025 22:01:26: Peer 1003 received the 'not interested' message from Peer 1001.
11/28/2025 22:01:26: Peer 1003 received the 'interested' message from Peer 1002.
11/28/2025 22:01:26: Peer 1003 has downloaded the piece 87 from Peer 1001. Now the number of pieces it has is 88.
11/28/2025 22:01:26: Peer 1003 has sent the 'not interested' message to Peer 1004.
11/28/2025 22:01:26: Peer 1003 received the 'not interested' message from Peer 1004.
11/28/2025 22:01:26: Peer 1003 received the 'interested' message from Peer 1002.
11/28/2025 22:01:26: Peer 1003 received the 'have' message from Peer 1004 for the piece 80.
11/28/2025 22:01:26: Peer 1003 received the 'not interested' message from Peer 1001.
11/28/2025 22:01:26: Peer 1003 has downloaded the piece 88 from Peer 1001. Now the number of pieces it has is 89.
11/28/2025 22:01:26: Peer 1003 has sent the 'not interested' message to Peer 1004.
11/28/2025 22:01:26: Peer 1003 received the 'interested' message from Peer 1002.
11/28/2025 22:01:26: Peer 1003 received the 'not interested' message from Peer 1001.
11/28/2025 22:01:26: Peer 1003 has downloaded the piece 89 from Peer 1001. Now the number of pieces it has is 90.
11/28/2025 22:01:26: Peer 1003 received the 'not interested' message from Peer 1004.
11/28/2025 22:01:26: Peer 1003 received the 'have' message from Peer 1004 for the piece 81.
11/28/2025 22:01:26: Peer 1003 received the 'interested' message from Peer 1002.
11/28/2025 22:01:26: Peer 1003 received the 'not interested' message from Peer 1001.
11/28/2025 22:01:26: Peer 1003 has sent the 'not interested' message to Peer 1004.
11/28/2025 22:01:26: Peer 1003 has downloaded the piece 90 from Peer 1001. Now the number of pieces it has is 91.
11/28/2025 22:01:26: Peer 1003 received the 'not interested' message from Peer 1004.
11/28/2025 22:01:26: Peer 1003 received the 'not interested' message from Peer 1001.
11/28/2025 22:01:26: Peer 1003 received the 'have' message from Peer 1004 for the piece 82.
11/28/2025 22:01:26: Peer 1003 received the 'interested' message from Peer 1002.
11/28/2025 22:01:26: Peer 1003 has downloaded the piece 91 from Peer 1001. Now the number of pieces it has is 92.
11/28/2025 22:01:26: Peer 1003 has sent the 'not interested' message to Peer 1004.
11/28/2025 22:01:26: Peer 1003 received the 'not interested' message from Peer 1004.
11/28/2025 22:01:26: Peer 1003 received the 'interested' message from Peer 1002.
11/28/2025 22:01:26: Peer 1003 received the 'not interested' message from Peer 1001.
11/28/2025 22:01:26: Peer 1003 received the 'have' message from Peer 1004 for the piece 83.
11/28/2025 22:01:26: Peer 1003 has downloaded the piece 92 from Peer 1001. Now the number of pieces it has is 93.
11/28/2025 22:01:26: Peer 1003 received the 'not interested' message from Peer 1001.
11/28/2025 22:01:26: Peer 1003 has sent the 'not interested' message to Peer 1004.
11/28/2025 22:01:26: Peer 1003 has downloaded the piece 93 from Peer 1001. Now the number of pieces it has is 94.
11/28/2025 22:01:26: Peer 1003 received the 'not interested' message from Peer 1004.
11/28/2025 22:01:26: Peer 1003 received the 'interested' message from Peer 1002.
11/28/2025 22:01:26: Peer 1003 received the 'have' message from Peer 1004 for the piece 84.
11/28/2025 22:01:26: Peer 1003 received the 'not interested' message from Peer 1001.
11/28/2025 22:01:26: Peer 1003 has sent the 'not interested' message to Peer 1004.
11/28/2025 22:01:26: Peer 1003 has downloaded the piece 94 from Peer 1001. Now the number of pieces it has is 95.
11/28/2025 22:01:26: Peer 1003 received the 'interested' message from Peer 1002.
11/28/2025 22:01:26: Peer 1003 received the 'not interested' message from Peer 1001.
11/28/2025 22:01:26: Peer 1003 received the 'not interested' message from Peer 1004.
11/28/2025 22:01:26: Peer 1003 received the 'interested' message from Peer 1002.
11/28/2025 22:01:26: Peer 1003 has downloaded the piece 95 from Peer 1001. Now the number of pieces it has is 96.
11/28/2025 22:01:26: Peer 1003 received the 'have' message from Peer 1004 for the piece 85.
11/28/2025 22:01:26: Peer 1003 received the 'not interested' message from Peer 1001.
11/28/2025 22:01:26: Peer 1003 received the 'interested' message from Peer 1002.
11/28/2025 22:01:26: Peer 1003 has sent the 'not interested' message to Peer 1004.
11/28/2025 22:01:26: Peer 1003 has downloaded the piece 96 from Peer 1001. Now the number of pieces it has is 97.
11/28/2025 22:01:26: Peer 1003 received the 'not interested' message from Peer 1004.
11/28/2025 22:01:26: Peer 1003 received the 'have' message from Peer 1004 for the piece 86.
11/28/2025 22:01:26: Peer 1003 received the 'not interested' message from Peer 1001.
11/28/2025 22:01:26: Peer 1003 received the 'interested' message from Peer 1002.
11/28/2025 22:01:26: Peer 1003 has sent the 'not interested' message to Peer 1004.
11/28/2025 22:01:26: Peer 1003 has downloaded the piece 97 from Peer 1001. Now the number of pieces it has is 98.
11/28/2025 22:01:26: Peer 1003 received the 'not interested' message from Peer 1004.
11/28/2025 22:01:26: Peer 1003 received the 'have' message from Peer 1004 for the piece 87.
11/28/2025 22:01:26: Peer 1003 received the 'not interested' message from Peer 1001.
11/28/2025 22:01:26: Peer 1003 received the 'interested' message from Peer 1002.
11/28/2025 22:01:26: Peer 1003 has sent the 'not interested' message to Peer 1004.
11/28/2025 22:01:26: Peer 1003 has downloaded the piece 98 from Peer 1001. Now the number of pieces it has is 99.
11/28/2025 22:01:26: Peer 1003 received the 'have' message from Peer 1004 for the piece 88.
11/28/2025 22:01:26: Peer 1003 has sent the 'not interested' message to Peer 1004.
11/28/2025 22:01:26: Peer 1003 received the 'not interested' message from Peer 1001.
11/28/2025 22:01:26: Peer 1003 received the 'interested' message from Peer 1002.
11/28/2025 22:01:26: Peer 1003 received the 'not interested' message from Peer 1004.
11/28/2025 22:01:26: Peer 1003 has downloaded the piece 99 from Peer 1001. Now the number of pieces it has is 100.
11/28/2025 22:01:26: Peer 1003 received the 'have' message from Peer 1004 for the piece 89.
11/28/2025 22:01:26: Peer 1003 received the 'not interested' message from Peer 1001.
11/28/2025 22:01:26: Peer 1003 received the 'interested' message from Peer 1002.
11/28/2025 22:01:26: Peer 1003 has downloaded the piece 100 from Peer 1001. Now the number of pieces it has is 101.
11/28/2025 22:01:26: Peer 1003 has sent the 'not interested' message to Peer 1004.
11/28/2025 22:01:26: Peer 1003 received the 'have' message from Peer 1004 for the piece 90.
11/28/2025 22:01:26: Peer 1003 received the 'not interested' message from Peer 1001.
11/28/2025 22:01:26: Peer 1003 received the 'interested' message from Peer 1002.
11/28/2025 22:01:26: Peer 1003 has sent the 'not interested' message to Peer 1004.
11/28/2025 22:01:26: Peer 1003 has downloaded the piece 101 from Peer 1001. Now the number of pieces it has is 102.
11/28/2025 22:01:26: Peer 1003 received the 'not interested' message from Peer 1004.
11/28/2025 22:01:26: Peer 1003 received the 'not interested' message from Peer 1004.
11/28/2025 22:01:26: Peer 1003 received the 'not interested' message from Peer 1001.
11/28/2025 22:01:26: Peer 1003 received the 'interested' message from Peer 1002.
11/28/2025 22:01:26: Peer 1003 has downloaded the piece 102 from Peer 1001. Now the number of pieces it has is 103.
11/28/2025 22:01:26: Peer 1003 received the 'have' message from Peer 1004 for the piece 91.
11/28/2025 22:01:26: Peer 1003 received the 'not interested' message from Peer 1001.
11/28/2025 22:01:26: Peer 1003 has sent the 'not interested' message to Peer 1004.
11/28/2025 22:01:26: Peer 1003 received the 'interested' message from Peer 1002.
11/28/2025 22:01:26: Peer 1003 received the 'not interested' message from Peer 1004.
11/28/2025 22:01:26: Peer 1003 has downloaded the piece 103 from Peer 1001. Now the number of pieces it has is 104.
11/28/2025 22:01:26: Peer 1003 received the 'have' message from Peer 1004 for the piece 92.
11/28/2025 22:01:26: Peer 1003 has sent the 'not interested' message to Peer 1004.
11/28/2025 22:01:26: Peer 1003 received the 'interested' message from Peer 1002.
11/28/2025 22:01:26: Peer 1003 received the 'not interested' message from Peer 1004.
11/28/2025 22:01:26: Peer 1003 received the 'not interested' message from Peer 1001.
11/28/2025 22:01:26: Peer 1003 received the 'have' message from Peer 1004 for the piece 93.
11/28/2025 22:01:26: Peer 1003 has downloaded the piece 104 from Peer 1001. Now the number of pieces it has is 105.
11/28/2025 22:01:26: Peer 1003 has sent the 'not interested' message to Peer 1004.
11/28/2025 22:01:26: Peer 1003 received the 'have' message from Peer 1004 for the piece 94.
11/28/2025 22:01:26: Peer 1003 received the 'not interested' message from Peer 1001.
11/28/2025 22:01:26: Peer 1003 received the 'interested' message from Peer 1002.
11/28/2025 22:01:26: Peer 1003 has downloaded the piece 105 from Peer 1001. Now the number of pieces it has is 106.
11/28/2025 22:01:26: Peer 1003 has sent the 'not interested' message to Peer 1004.
11/28/2025 22:01:26: Peer 1003 received the 'not interested' message from Peer 1004.
11/28/2025 22:01:26: Peer 1003 received the 'interested' message from Peer 1002.
11/28/2025 22:01:26: Peer 1003 received the 'not interested' message from Peer 1001.
11/28/2025 22:01:26: Peer 1003 received the 'have' message from Peer 1004 for the piece 95.
11/28/2025 22:01:26: Peer 1003 has downloaded the piece 106 from Peer 1001. Now the number of pieces it has is 107.
11/28/2025 22:01:26: Peer 1003 has sent the 'not interested' message to Peer 1004.
11/28/2025 22:01:26: Peer 1003 received the 'have' message from Peer 1004 for the piece 96.
11/28/2025 22:01:26: Peer 1003 received the 'not interested' message from Peer 1001.
11/28/2025 22:01:26: Peer 1003 received the 'interested' message from Peer 1002.
11/28/2025 22:01:26: Peer 1003 has downloaded the piece 107 from Peer 1001. Now the number of pieces it has is 108.
11/28/2025 22:01:26: Peer 1003 has sent the 'not interested' message to Peer 1004.
11/28/2025 22:01:26: Peer 1003 received the 'not interested' message from Peer 1001.
11/28/2025 22:01:26: Peer 1003 received the 'not interested' message from Peer 1004.
11/28/2025 22:01:26: Peer 1003 received the 'interested' message from Peer 1002.
11/28/2025 22:01:26: Peer 1003 has downloaded the piece 108 from Peer 1001. Now the number of pieces it has is 109.
11/28/2025 22:01:26: Peer 1003 received the 'not interested' message from Peer 1004.
11/28/2025 22:01:26: Peer 1003 received the 'have' message from Peer 1004 for the piece 97.
11/28/2025 22:01:26: Peer 1003 received the 'interested' message from Peer 1002.
11/28/2025 22:01:26: Peer 1003 received the 'not interested' message from Peer 1001.
11/28/2025 22:01:26: Peer 1003 has sent the 'not interested' message to Peer 1004.
11/28/2025 22:01:26: Peer 1003 has downloaded the piece 109 from Peer 1001. Now the number of pieces it has is 110.
11/28/2025 22:01:26: Peer 1003 received the 'not interested' message from Peer 1004.
11/28/2025 22:01:26: Peer 1003 received the 'have' message from Peer 1004 for the piece 98.
11/28/2025 22:01:26: Peer 1003 received the 'not interested' message from Peer 1001.
11/28/2025 22:01:26: Peer 1003 received the 'interested' message from Peer 1002.
11/28/2025 22:01:26: Peer 1003 has sent the 'not interested' message to Peer 1004.
11/28/2025 22:01:26: Peer 1003 has downloaded the piece 110 from Peer 1001. Now the number of pieces it has is 111.
11/28/2025 22:01:26: Peer 1003 received the 'have' message from Peer 1004 for the piece 99.
11/28/2025 22:01:26: Peer 1003 has sent the 'not interested' message to Peer 1004.
11/28/2025 22:01:26: Peer 1003 received the 'not interested' message from Peer 1001.
11/28/2025 22:01:26: Peer 1003 received the 'interested' message from Peer 1002.
11/28/2025 22:01:26: Peer 1003 received the 'not interested' message from Peer 1004.
11/28/2025 22:01:26: Peer 1003 has downloaded the piece 111 from Peer 1001. Now the number of pieces it has is 112.
11/28/2025 22:01:26: Peer 1003 received the 'have' message from Peer 1004 for the piece 100.
11/28/2025 22:01:26: Peer 1003 has sent the 'not interested' message to Peer 1004.
11/28/2025 22:01:26: Peer 1003 received the 'interested' message from Peer 1002.
11/28/2025 22:01:26: Peer 1003 received the 'not interested' message from Peer 1001.
11/28/2025 22:01:26: Peer 1003 received the 'not interested' message from Peer 1004.
11/28/2025 22:01:26: Peer 1003 has downloaded the piece 112 from Peer 1001. Now the number of pieces it has is 113.
11/28/2025 22:01:26: Peer 1003 received the 'have' message from Peer 1004 for the piece 101.
11/28/2025 22:01:26: Peer 1003 received the 'not interested' message from Peer 1001.
11/28/2025 22:01:26: Peer 1003 received the 'interested' message from Peer 1002.
11/28/2025 22:01:26: Peer 1003 has downloaded the piece 113 from Peer 1001. Now the number of pieces it has is 114.
11/28/2025 22:01:26: Peer 1003 has sent the 'not interested' message to Peer 1004.
11/28/2025 22:01:26: Peer 1003 received the 'not interested' message from Peer 1001.
11/28/2025 22:01:26: Peer 1003 received the 'interested' message from Peer 1002.
11/28/2025 22:01:26: Peer 1003 received the 'not interested' message from Peer 1004.
11/28/2025 22:01:26: Peer 1003 has downloaded the piece 114 from Peer 1001. Now the number of pieces it has is 115.
11/28/2025 22:01:26: Peer 1003 received the 'have' message from Peer 1004 for the piece 102.
11/28/2025 22:01:26: Peer 1003 has sent the 'not interested' message to Peer 1004.
11/28/2025 22:01:26: Peer 1003 received the 'not interested' message from Peer 1001.
11/28/2025 22:01:26: Peer 1003 received the 'interested' message from Peer 1002.
11/28/2025 22:01:26: Peer 1003 received the 'not interested' message from Peer 1004.
11/28/2025 22:01:26: Peer 1003 has downloaded the piece 115 from Peer 1001. Now the number of pieces it has is 116.
11/28/2025 22:01:26: Peer 1003 received the 'have' message from Peer 1004 for the piece 103.
11/28/2025 22:01:26: Peer 1003 received the 'not interested' message from Peer 1001.
11/28/2025 22:01:26: Peer 1003 has sent the 'not interested' message to Peer 1004.
11/28/2025 22:01:26: Peer 1003 has downloaded the piece 116 from Peer 1001. Now the number of pieces it has is 117.
11/28/2025 22:01:26: Peer 1003 received the 'interested' message from Peer 1002.
11/28/2025 22:01:26: Peer 1003 received the 'not interested' message from Peer 1004.
11/28/2025 22:01:26: Peer 1003 received the 'have' message from Peer 1004 for the piece 104.
11/28/2025 22:01:26: Peer 1003 received the 'interested' message from Peer 1002.
11/28/2025 22:01:26: Peer 1003 received the 'not interested' message from Peer 1001.
11/28/2025 22:01:26: Peer 1003 has downloaded the piece 117 from Peer 1001. Now the number of pieces it has is 118.
11/28/2025 22:01:26: Peer 1003 has sent the 'not interested' message to Peer 1004.
11/28/2025 22:01:26: Peer 1003 received the 'not interested' message from Peer 1004.
11/28/2025 22:01:26: Peer 1003 received the 'not interested' message from Peer 1001.
11/28/2025 22:01:26: Peer 1003 received the 'interested' message from Peer 1002.
11/28/2025 22:01:26: Peer 1003 received the 'have' message from Peer 1004 for the piece 105.
11/28/2025 22:01:26: Peer 1003 has downloaded the piece 118 from Peer 1001. Now the number of pieces it has is 119.
11/28/2025 22:01:26: Peer 1003 has sent the 'not interested' message to Peer 1004.
11/28/2025 22:01:26: Peer 1003 received the 'not interested' message from Peer 1004.
11/28/2025 22:01:26: Peer 1003 received the 'not interested' message from Peer 1001.
11/28/2025 22:01:26: Peer 1003 received the 'interested' message from Peer 1002.
11/28/2025 22:01:26: Peer 1003 has downloaded the piece 119 from Peer 1001. Now the number of pieces it has is 120.
11/28/2025 22:01:26: Peer 1003 received the 'have' message from Peer 1004 for the piece 106.
11/28/2025 22:01:26: Peer 1003 has sent the 'not interested' message to Peer 1004.
11/28/2025 22:01:26: Peer 1003 received the 'interested' message from Peer 1002.
11/28/2025 22:01:26: Peer 1003 received the 'not interested' message from Peer 1001.
11/28/2025 22:01:26: Peer 1003 received the 'not interested' message from Peer 1004.
11/28/2025 22:01:26: Peer 1003 has downloaded the piece 120 from Peer 1001. Now the number of pieces it has is 121.
11/28/2025 22:01:26: Peer 1003 received the 'not interested' message from Peer 1004.
11/28/2025 22:01:26: Peer 1003 received the 'not interested' message from Peer 1001.
11/28/2025 22:01:26: Peer 1003 received the 'have' message from Peer 1004 for the piece 107.
11/28/2025 22:01:26: Peer 1003 has downloaded the piece 121 from Peer 1001. Now the number of pieces it has is 122.
11/28/2025 22:01:26: Peer 1003 received the 'interested' message from Peer 1002.
11/28/2025 22:01:26: Peer 1003 has sent the 'not interested' message to Peer 1004.
11/28/2025 22:01:26: Peer 1003 received the 'not interested' message from Peer 1001.
11/28/2025 22:01:26: Peer 1003 received the 'interested' message from Peer 1002.
11/28/2025 22:01:26: Peer 1003 received the 'have' message from Peer 1004 for the piece 108.
11/28/2025 22:01:26: Peer 1003 has downloaded the piece 122 from Peer 1001. Now the number of pieces it has is 123.
11/28/2025 22:01:26: Peer 1003 has sent the 'not interested' message to Peer 1004.
11/28/2025 22:01:26: Peer 1003 received the 'interested' message from Peer 1002.
11/28/2025 22:01:26: Peer 1003 received the 'not interested' message from Peer 1004.
11/28/2025 22:01:26: Peer 1003 received the 'not interested' message from Peer 1001.
11/28/2025 22:01:26: Peer 1003 received the 'have' message from Peer 1004 for the piece 109.
11/28/2025 22:01:26: Peer 1003 has downloaded the piece 123 from Peer 1001. Now the number of pieces it has is 124.
11/28/2025 22:01:26: Peer 1003 has sent the 'not interested' message to Peer 1004.
11/28/2025 22:01:26: Peer 1003 received the 'not interested' message from Peer 1004.
11/28/2025 22:01:26: Peer 1003 received the 'interested' message from Peer 1002.
11/28/2025 22:01:26: Peer 1003 received the 'not interested' message from Peer 1001.
11/28/2025 22:01:26: Peer 1003 received the 'have' message from Peer 1004 for the piece 110.
11/28/2025 22:01:26: Peer 1003 has downloaded the piece 124 from Peer 1001. Now the number of pieces it has is 125.
11/28/2025 22:01:26: Peer 1003 has sent the 'not interested' message to Peer 1004.
11/28/2025 22:01:26: Peer 1003 received the 'not interested' message from Peer 1004.
11/28/2025 22:01:26: Peer 1003 received the 'not interested' message from Peer 1001.
11/28/2025 22:01:26: Peer 1003 received the 'have' message from Peer 1004 for the piece 111.
11/28/2025 22:01:26: Peer 1003 received the 'interested' message from Peer 1002.
11/28/2025 22:01:26: Peer 1003 has sent the 'not interested' message to Peer 1004.
11/28/2025 22:01:26: Peer 1003 has downloaded the piece 125 from Peer 1001. Now the number of pieces it has is 126.
11/28/2025 22:01:26: Peer 1003 received the 'not interested' message from Peer 1004.
11/28/2025 22:01:26: Peer 1003 received the 'have' message from Peer 1004 for the piece 112.
11/28/2025 22:01:26: Peer 1003 received the 'not interested' message from Peer 1001.
11/28/2025 22:01:26: Peer 1003 received the 'interested' message from Peer 1002.
11/28/2025 22:01:26: Peer 1003 has sent the 'not interested' message to Peer 1004.
11/28/2025 22:01:26: Peer 1003 has downloaded the piece 126 from Peer 1001. Now the number of pieces it has is 127.
11/28/2025 22:01:26: Peer 1003 received the 'not interested' message from Peer 1004.
11/28/2025 22:01:26: Peer 1003 received the 'have' message from Peer 1004 for the piece 113.
11/28/2025 22:01:26: Peer 1003 received the 'not interested' message from Peer 1001.
11/28/2025 22:01:26: Peer 1003 received the 'interested' message from Peer 1002.
11/28/2025 22:01:26: Peer 1003 has downloaded the piece 127 from Peer 1001. Now the number of pieces it has is 128.
11/28/2025 22:01:26: Peer 1003 has sent the 'not interested' message to Peer 1004.
11/28/2025 22:01:26: Peer 1003 received the 'not interested' message from Peer 1004.
11/28/2025 22:01:26: Peer 1003 received the 'not interested' message from Peer 1001.
11/28/2025 22:01:26: Peer 1003 received the 'have' message from Peer 1004 for the piece 114.
11/28/2025 22:01:26: Peer 1003 has downloaded the piece 128 from Peer 1001. Now the number of pieces it has is 129.
11/28/2025 22:01:26: Peer 1003 received the 'interested' message from Peer 1002.
11/28/2025 22:01:26: Peer 1003 has sent the 'not interested' message to Peer 1004.
11/28/2025 22:01:26: Peer 1003 received the 'have' message from Peer 1004 for the piece 115.
11/28/2025 22:01:26: Peer 1003 received the 'interested' message from Peer 1002.
11/28/2025 22:01:26: Peer 1003 received the 'not interested' message from Peer 1001.
11/28/2025 22:01:26: Peer 1003 has sent the 'not interested' message to Peer 1004.
11/28/2025 22:01:26: Peer 1003 has downloaded the piece 129 from Peer 1001. Now the number of pieces it has is 130.
11/28/2025 22:01:26: Peer 1003 received the 'not interested' message from Peer 1004.
11/28/2025 22:01:26: Peer 1003 received the 'not interested' message from Peer 1001.
11/28/2025 22:01:26: Peer 1003 received the 'have' message from Peer 1004 for the piece 116.
11/28/2025 22:01:26: Peer 1003 has downloaded the piece 130 from Peer 1001. Now the number of pieces it has is 131.
11/28/2025 22:01:26: Peer 1003 received the 'interested' message from Peer 1002.
11/28/2025 22:01:26: Peer 1003 has sent the 'not interested' message to Peer 1004.
11/28/2025 22:01:26: Peer 1003 received the 'not interested' message from Peer 1004.
11/28/2025 22:01:26: Peer 1003 received the 'not interested' message from Peer 1001.
11/28/2025 22:01:26: Peer 1003 received the 'have' message from Peer 1004 for the piece 117.
11/28/2025 22:01:26: Peer 1003 has downloaded the piece 131 from Peer 1001. Now the number of pieces it has is 132.
11/28/2025 22:01:26: Peer 1003 received the 'interested' message from Peer 1002.
11/28/2025 22:01:26: Peer 1003 has sent the 'not interested' message to Peer 1004.
11/28/2025 22:01:26: Peer 1003 received the 'not interested' message from Peer 1001.
11/28/2025 22:01:26: Peer 1003 received the 'interested' message from Peer 1002.
11/28/2025 22:01:26: Peer 1003 received the 'have' message from Peer 1004 for the piece 118.
11/28/2025 22:01:26: Peer 1003 has downloaded the piece 132 from Peer 1001. Now the number of pieces it has is 133.
11/28/2025 22:01:26: Peer 1003 has sent the 'not interested' message to Peer 1004.
11/28/2025 22:01:26: Peer 1003 has downloaded the complete file.
11/28/2025 22:01:26: Peer 1003 received the 'not interested' message from Peer 1004.
11/28/2025 22:01:26: Peer 1003 received the 'interested' message from Peer 1002.
11/28/2025 22:01:26: Peer 1003 received the 'not interested' message from Peer 1004.
11/28/2025 22:01:26: Peer 1003 received the 'have' message from Peer 1004 for the piece 119.
11/28/2025 22:01:26: Peer 1003 has sent the 'not interested' message to Peer 1004.
11/28/2025 22:01:26: Peer 1003 received the 'not interested' message from Peer 1004.
11/28/2025 22:01:26: Peer 1003 received the 'have' message from Peer 1004 for the piece 120.
11/28/2025 22:01:26: Peer 1003 has sent the 'not interested' message to Peer 1004.
11/28/2025 22:01:26: Peer 1003 received the 'not interested' message from Peer 1004.
11/28/2025 22:01:26: Peer 1003 received the 'not interested' message from Peer 1001.
11/28/2025 22:01:26: Peer 1003 received the 'have' message from Peer 1004 for the piece 121.
11/28/2025 22:01:26: Peer 1003 has sent the 'not interested' message to Peer 1004.
11/28/2025 22:01:26: Peer 1003 received the 'have' message from Peer 1004 for the piece 122.
11/28/2025 22:01:26: Peer 1003 has sent the 'not interested' message to Peer 1004.
11/28/2025 22:01:26: Peer 1003 received the 'not interested' message from Peer 1004.
11/28/2025 22:01:26: Peer 1003 received the 'have' message from Peer 1004 for the piece 123.
11/28/2025 22:01:26: Peer 1003 has sent the 'not interested' message to Peer 1004.
11/28/2025 22:01:26: Peer 1003 received the 'not interested' message from Peer 1004.
11/28/2025 22:01:26: Peer 1003 received the 'have' message from Peer 1004 for the piece 124.
11/28/2025 22:01:26: Peer 1003 has sent the 'not interested' message to Peer 1004.
11/28/2025 22:01:26: Peer 1003 received the 'not interested' message from Peer 1004.
11/28/2025 22:01:26: Peer 1003 received the 'have' message from Peer 1004 for the piece 125.
11/28/2025 22:01:26: Peer 1003 has sent the 'not interested' message to Peer 1004.
11/28/2025 22:01:26: Peer 1003 received the 'not interested' message from Peer 1004.
11/28/2025 22:01:26: Peer 1003 received the 'have' message from Peer 1004 for the piece 126.
11/28/2025 22:01:26: Peer 1003 has sent the 'not interested' message to Peer 1004.
11/28/2025 22:01:26: Peer 1003 received the 'not interested' message from Peer 1004.
11/28/2025 22:01:26: Peer 1003 received the 'have' message from Peer 1004 for the piece 127.
11/28/2025 22:01:26: Peer 1003 has sent the 'not interested' message to Peer 1004.
11/28/2025 22:01:26: Peer 1003 received the 'not interested' message from Peer 1004.
11/28/2025 22:01:26: Peer 1003 received the 'have' message from Peer 1004 for the piece 128.
11/28/2025 22:01:26: Peer 1003 has sent the 'not interested' message to Peer 1004.
11/28/2025 22:01:26: Peer 1003 received the 'have' message from Peer 1004 for the piece 129.
11/28/2025 22:01:26: Peer 1003 has sent the 'not interested' message to Peer 1004.
11/28/2025 22:01:26: Peer 1003 received the 'not interested' message from Peer 1004.
11/28/2025 22:01:26: Peer 1003 received the 'not interested' message from Peer 1004.
11/28/2025 22:01:26: Peer 1003 received the 'have' message from Peer 1004 for the piece 130.
11/28/2025 22:01:26: Peer 1003 has sent the 'not interested' message to Peer 1004.
11/28/2025 22:01:26: Peer 1003 received the 'not interested' message from Peer 1004.
11/28/2025 22:01:26: Peer 1003 received the 'have' message from Peer 1004 for the piece 131.
11/28/2025 22:01:26: Peer 1003 has sent the 'not interested' message to Peer 1004.
11/28/2025 22:01:26: Peer 1003 received the 'not interested' message from Peer 1004.
11/28/2025 22:01:26: Peer 1003 received the 'have' message from Peer 1004 for the piece 132.
11/28/2025 22:01:26: Peer 1003 has sent the 'not interested' message to Peer 1004.
11/28/2025 22:01:26: Peer 1003 received the 'not interested' message from Peer 1004.
11/28/2025 22:01:26: Peer 1003 received the 'not interested' message from Peer 1004.
11/28/2025 22:01:26: Peer 1003 received the 'not interested' message from Peer 1004.
11/28/2025 22:01:26: Peer 1003 received the 'not interested' message from Peer 1004.
11/28/2025 22:01:26: Peer 1003 received the 'not interested' message from Peer 1004.
11/28/2025 22:01:26: Peer 1003 received the 'not interested' message from Peer 1004.
11/28/2025 22:01:26: Peer 1003 received the 'not interested' message from Peer 1004.
11/28/2025 22:01:26: Peer 1003 received the 'not interested' message from Peer 1004.
11/28/2025 22:01:26: Peer 1003 received the 'not interested' message from Peer 1004.
11/28/2025 22:01:26: Peer 1003 received the 'not interested' message from Peer 1004.
11/28/2025 22:01:26: Peer 1003 received the 'not interested' message from Peer 1004.
11/28/2025 22:01:26: Peer 1003 has the preferred neighbors [1002].
11/28/2025 22:01:26: Peer 1003 received the 'have' message from Peer 1002 for the piece 0.
11/28/2025 22:01:26: Peer 1003 has sent the 'not interested' message to Peer 1002.
11/28/2025 22:01:26: Peer 1003 received the 'have' message from Peer 1002 for the piece 1.
11/28/2025 22:01:26: Peer 1003 has sent the 'not interested' message to Peer 1002.
11/28/2025 22:01:26: Peer 1003 received the 'have' message from Peer 1002 for the piece 2.
11/28/2025 22:01:26: Peer 1003 has sent the 'not interested' message to Peer 1002.
11/28/2025 22:01:26: Peer 1003 received the 'have' message from Peer 1002 for the piece 3.
11/28/2025 22:01:26: Peer 1003 has sent the 'not interested' message to Peer 1002.
11/28/2025 22:01:26: Peer 1003 received the 'have' message from Peer 1002 for the piece 4.
11/28/2025 22:01:26: Peer 1003 has sent the 'not interested' message to Peer 1002.
11/28/2025 22:01:26: Peer 1003 received the 'have' message from Peer 1002 for the piece 5.
11/28/2025 22:01:26: Peer 1003 has sent the 'not interested' message to Peer 1002.
11/28/2025 22:01:26: Peer 1003 received the 'have' message from Peer 1002 for the piece 6.
11/28/2025 22:01:26: Peer 1003 has sent the 'not interested' message to Peer 1002.
11/28/2025 22:01:26: Peer 1003 received the 'have' message from Peer 1002 for the piece 7.
11/28/2025 22:01:26: Peer 1003 has sent the 'not interested' message to Peer 1002.
11/28/2025 22:01:26: Peer 1003 received the 'have' message from Peer 1002 for the piece 8.
11/28/2025 22:01:26: Peer 1003 has sent the 'not interested' message to Peer 1002.
11/28/2025 22:01:26: Peer 1003 received the 'have' message from Peer 1002 for the piece 9.
11/28/2025 22:01:26: Peer 1003 has sent the 'not interested' message to Peer 1002.
11/28/2025 22:01:26: Peer 1003 received the 'have' message from Peer 1002 for the piece 10.
11/28/2025 22:01:26: Peer 1003 has sent the 'not interested' message to Peer 1002.
11/28/2025 22:01:26: Peer 1003 received the 'have' message from Peer 1002 for the piece 11.
11/28/2025 22:01:26: Peer 1003 has sent the 'not interested' message to Peer 1002.
11/28/2025 22:01:26: Peer 1003 received the 'have' message from Peer 1002 for the piece 12.
11/28/2025 22:01:26: Peer 1003 has sent the 'not interested' message to Peer 1002.
11/28/2025 22:01:26: Peer 1003 received the 'have' message from Peer 1002 for the piece 13.
11/28/2025 22:01:26: Peer 1003 has sent the 'not interested' message to Peer 1002.
11/28/2025 22:01:26: Peer 1003 received the 'have' message from Peer 1002 for the piece 14.
11/28/2025 22:01:26: Peer 1003 has sent the 'not interested' message to Peer 1002.
11/28/2025 22:01:26: Peer 1003 received the 'have' message from Peer 1002 for the piece 15.
11/28/2025 22:01:26: Peer 1003 has sent the 'not interested' message to Peer 1002.
11/28/2025 22:01:26: Peer 1003 received the 'have' message from Peer 1002 for the piece 16.
11/28/2025 22:01:26: Peer 1003 has sent the 'not interested' message to Peer 1002.
11/28/2025 22:01:26: Peer 1003 received the 'have' message from Peer 1002 for the piece 17.
11/28/2025 22:01:26: Peer 1003 has sent the 'not interested' message to Peer 1002.
11/28/2025 22:01:26: Peer 1003 received the 'have' message from Peer 1002 for the piece 18.
11/28/2025 22:01:26: Peer 1003 has sent the 'not interested' message to Peer 1002.
11/28/2025 22:01:26: Peer 1003 received the 'have' message from Peer 1002 for the piece 19.
11/28/2025 22:01:26: Peer 1003 has sent the 'not interested' message to Peer 1002.
11/28/2025 22:01:26: Peer 1003 received the 'have' message from Peer 1002 for the piece 20.
11/28/2025 22:01:26: Peer 1003 has sent the 'not interested' message to Peer 1002.
11/28/2025 22:01:26: Peer 1003 received the 'have' message from Peer 1002 for the piece 21.
11/28/2025 22:01:26: Peer 1003 has sent the 'not interested' message to Peer 1002.
11/28/2025 22:01:26: Peer 1003 received the 'have' message from Peer 1002 for the piece 22.
11/28/2025 22:01:26: Peer 1003 has sent the 'not interested' message to Peer 1002.
11/28/2025 22:01:26: Peer 1003 received the 'have' message from Peer 1002 for the piece 23.
11/28/2025 22:01:26: Peer 1003 has sent the 'not interested' message to Peer 1002.
11/28/2025 22:01:26: Peer 1003 received the 'have' message from Peer 1002 for the piece 24.
11/28/2025 22:01:26: Peer 1003 has sent the 'not interested' message to Peer 1002.
11/28/2025 22:01:26: Peer 1003 received the 'have' message from Peer 1002 for the piece 25.
11/28/2025 22:01:26: Peer 1003 has sent the 'not interested' message to Peer 1002.
11/28/2025 22:01:26: Peer 1003 received the 'have' message from Peer 1002 for the piece 26.
11/28/2025 22:01:26: Peer 1003 has sent the 'not interested' message to Peer 1002.
11/28/2025 22:01:26: Peer 1003 received the 'have' message from Peer 1002 for the piece 27.
11/28/2025 22:01:26: Peer 1003 has sent the 'not interested' message to Peer 1002.
11/28/2025 22:01:26: Peer 1003 received the 'have' message from Peer 1002 for the piece 28.
11/28/2025 22:01:26: Peer 1003 has sent the 'not interested' message to Peer 1002.
11/28/2025 22:01:26: Peer 1003 received the 'have' message from Peer 1002 for the piece 29.
11/28/2025 22:01:26: Peer 1003 has sent the 'not interested' message to Peer 1002.
11/28/2025 22:01:26: Peer 1003 received the 'have' message from Peer 1002 for the piece 30.
11/28/2025 22:01:26: Peer 1003 has sent the 'not interested' message to Peer 1002.
11/28/2025 22:01:26: Peer 1003 received the 'have' message from Peer 1002 for the piece 31.
11/28/2025 22:01:26: Peer 1003 has sent the 'not interested' message to Peer 1002.
11/28/2025 22:01:26: Peer 1003 received the 'have' message from Peer 1002 for the piece 32.
11/28/2025 22:01:26: Peer 1003 has sent the 'not interested' message to Peer 1002.
11/28/2025 22:01:26: Peer 1003 received the 'have' message from Peer 1002 for the piece 33.
11/28/2025 22:01:26: Peer 1003 has sent the 'not interested' message to Peer 1002.
11/28/2025 22:01:26: Peer 1003 received the 'have' message from Peer 1002 for the piece 34.
11/28/2025 22:01:26: Peer 1003 has sent the 'not interested' message to Peer 1002.
11/28/2025 22:01:26: Peer 1003 received the 'have' message from Peer 1002 for the piece 35.
11/28/2025 22:01:26: Peer 1003 has sent the 'not interested' message to Peer 1002.
11/28/2025 22:01:26: Peer 1003 received the 'have' message from Peer 1002 for the piece 36.
11/28/2025 22:01:26: Peer 1003 has sent the 'not interested' message to Peer 1002.
11/28/2025 22:01:26: Peer 1003 received the 'have' message from Peer 1002 for the piece 37.
11/28/2025 22:01:26: Peer 1003 has sent the 'not interested' message to Peer 1002.
11/28/2025 22:01:26: Peer 1003 received the 'have' message from Peer 1002 for the piece 38.
11/28/2025 22:01:26: Peer 1003 has sent the 'not interested' message to Peer 1002.
11/28/2025 22:01:26: Peer 1003 received the 'have' message from Peer 1002 for the piece 39.
11/28/2025 22:01:26: Peer 1003 has sent the 'not interested' message to Peer 1002.
11/28/2025 22:01:26: Peer 1003 received the 'have' message from Peer 1002 for the piece 40.
11/28/2025 22:01:26: Peer 1003 has sent the 'not interested' message to Peer 1002.
11/28/2025 22:01:26: Peer 1003 received the 'have' message from Peer 1002 for the piece 41.
11/28/2025 22:01:26: Peer 1003 has sent the 'not interested' message to Peer 1002.
11/28/2025 22:01:26: Peer 1003 received the 'have' message from Peer 1002 for the piece 42.
11/28/2025 22:01:26: Peer 1003 has sent the 'not interested' message to Peer 1002.
11/28/2025 22:01:26: Peer 1003 received the 'have' message from Peer 1002 for the piece 43.
11/28/2025 22:01:26: Peer 1003 has sent the 'not interested' message to Peer 1002.
11/28/2025 22:01:26: Peer 1003 received the 'have' message from Peer 1002 for the piece 44.
11/28/2025 22:01:26: Peer 1003 has sent the 'not interested' message to Peer 1002.
11/28/2025 22:01:26: Peer 1003 received the 'have' message from Peer 1002 for the piece 45.
11/28/2025 22:01:26: Peer 1003 has sent the 'not interested' message to Peer 1002.
11/28/2025 22:01:26: Peer 1003 received the 'have' message from Peer 1002 for the piece 46.
11/28/2025 22:01:26: Peer 1003 has sent the 'not interested' message to Peer 1002.
11/28/2025 22:01:26: Peer 1003 received the 'have' message from Peer 1002 for the piece 47.
11/28/2025 22:01:26: Peer 1003 has sent the 'not interested' message to Peer 1002.
11/28/2025 22:01:26: Peer 1003 received the 'have' message from Peer 1002 for the piece 48.
11/28/2025 22:01:26: Peer 1003 has sent the 'not interested' message to Peer 1002.
11/28/2025 22:01:26: Peer 1003 received the 'have' message from Peer 1002 for the piece 49.
11/28/2025 22:01:26: Peer 1003 has sent the 'not interested' message to Peer 1002.
11/28/2025 22:01:26: Peer 1003 received the 'have' message from Peer 1002 for the piece 50.
11/28/2025 22:01:26: Peer 1003 has sent the 'not interested' message to Peer 1002.
11/28/2025 22:01:26: Peer 1003 received the 'have' message from Peer 1002 for the piece 51.
11/28/2025 22:01:26: Peer 1003 has sent the 'not interested' message to Peer 1002.
11/28/2025 22:01:26: Peer 1003 received the 'have' message from Peer 1002 for the piece 52.
11/28/2025 22:01:26: Peer 1003 has sent the 'not interested' message to Peer 1002.
11/28/2025 22:01:26: Peer 1003 received the 'have' message from Peer 1002 for the piece 53.
11/28/2025 22:01:26: Peer 1003 has sent the 'not interested' message to Peer 1002.
11/28/2025 22:01:26: Peer 1003 received the 'have' message from Peer 1002 for the piece 54.
11/28/2025 22:01:26: Peer 1003 has sent the 'not interested' message to Peer 1002.
11/28/2025 22:01:26: Peer 1003 received the 'have' message from Peer 1002 for the piece 55.
11/28/2025 22:01:26: Peer 1003 has sent the 'not interested' message to Peer 1002.
11/28/2025 22:01:26: Peer 1003 received the 'have' message from Peer 1002 for the piece 56.
11/28/2025 22:01:26: Peer 1003 has sent the 'not interested' message to Peer 1002.
11/28/2025 22:01:26: Peer 1003 received the 'have' message from Peer 1002 for the piece 57.
11/28/2025 22:01:26: Peer 1003 has sent the 'not interested' message to Peer 1002.
11/28/2025 22:01:26: Peer 1003 received the 'have' message from Peer 1002 for the piece 58.
11/28/2025 22:01:26: Peer 1003 has sent the 'not interested' message to Peer 1002.
11/28/2025 22:01:26: Peer 1003 received the 'have' message from Peer 1002 for the piece 59.
11/28/2025 22:01:26: Peer 1003 has sent the 'not interested' message to Peer 1002.
11/28/2025 22:01:26: Peer 1003 received the 'have' message from Peer 1002 for the piece 60.
11/28/2025 22:01:26: Peer 1003 has sent the 'not interested' message to Peer 1002.
11/28/2025 22:01:26: Peer 1003 received the 'have' message from Peer 1002 for the piece 61.
11/28/2025 22:01:26: Peer 1003 has sent the 'not interested' message to Peer 1002.
11/28/2025 22:01:26: Peer 1003 received the 'have' message from Peer 1002 for the piece 62.
11/28/2025 22:01:26: Peer 1003 has sent the 'not interested' message to Peer 1002.
11/28/2025 22:01:26: Peer 1003 received the 'have' message from Peer 1002 for the piece 63.
11/28/2025 22:01:26: Peer 1003 has sent the 'not interested' message to Peer 1002.
11/28/2025 22:01:26: Peer 1003 received the 'have' message from Peer 1002 for the piece 64.
11/28/2025 22:01:26: Peer 1003 has sent the 'not interested' message to Peer 1002.
11/28/2025 22:01:26: Peer 1003 received the 'have' message from Peer 1002 for the piece 65.
11/28/2025 22:01:26: Peer 1003 has sent the 'not interested' message to Peer 1002.
11/28/2025 22:01:26: Peer 1003 received the 'have' message from Peer 1002 for the piece 66.
11/28/2025 22:01:26: Peer 1003 has sent the 'not interested' message to Peer 1002.
11/28/2025 22:01:26: Peer 1003 received the 'have' message from Peer 1002 for the piece 67.
11/28/2025 22:01:26: Peer 1003 has sent the 'not interested' message to Peer 1002.
11/28/2025 22:01:26: Peer 1003 received the 'have' message from Peer 1002 for the piece 68.
11/28/2025 22:01:26: Peer 1003 has sent the 'not interested' message to Peer 1002.
11/28/2025 22:01:26: Peer 1003 received the 'have' message from Peer 1002 for the piece 69.
11/28/2025 22:01:26: Peer 1003 has sent the 'not interested' message to Peer 1002.
11/28/2025 22:01:26: Peer 1003 received the 'have' message from Peer 1002 for the piece 70.
11/28/2025 22:01:26: Peer 1003 has sent the 'not interested' message to Peer 1002.
11/28/2025 22:01:26: Peer 1003 received the 'have' message from Peer 1002 for the piece 71.
11/28/2025 22:01:26: Peer 1003 has sent the 'not interested' message to Peer 1002.
11/28/2025 22:01:26: Peer 1003 received the 'have' message from Peer 1002 for the piece 72.
11/28/2025 22:01:26: Peer 1003 has sent the 'not interested' message to Peer 1002.
11/28/2025 22:01:26: Peer 1003 received the 'have' message from Peer 1002 for the piece 73.
11/28/2025 22:01:26: Peer 1003 has sent the 'not interested' message to Peer 1002.
11/28/2025 22:01:26: Peer 1003 received the 'have' message from Peer 1002 for the piece 74.
11/28/2025 22:01:26: Peer 1003 has sent the 'not interested' message to Peer 1002.
11/28/2025 22:01:26: Peer 1003 received the 'have' message from Peer 1002 for the piece 75.
11/28/2025 22:01:26: Peer 1003 has sent the 'not interested' message to Peer 1002.
11/28/2025 22:01:26: Peer 1003 received the 'have' message from Peer 1002 for the piece 76.
11/28/2025 22:01:26: Peer 1003 has sent the 'not interested' message to Peer 1002.
11/28/2025 22:01:26: Peer 1003 received the 'have' message from Peer 1002 for the piece 77.
11/28/2025 22:01:26: Peer 1003 has sent the 'not interested' message to Peer 1002.
11/28/2025 22:01:26: Peer 1003 received the 'have' message from Peer 1002 for the piece 78.
11/28/2025 22:01:26: Peer 1003 has sent the 'not interested' message to Peer 1002.
11/28/2025 22:01:26: Peer 1003 received the 'have' message from Peer 1002 for the piece 79.
11/28/2025 22:01:26: Peer 1003 has sent the 'not interested' message to Peer 1002.
11/28/2025 22:01:26: Peer 1003 received the 'have' message from Peer 1002 for the piece 80.
11/28/2025 22:01:26: Peer 1003 has sent the 'not interested' message to Peer 1002.
11/28/2025 22:01:26: Peer 1003 received the 'have' message from Peer 1002 for the piece 81.
11/28/2025 22:01:26: Peer 1003 has sent the 'not interested' message to Peer 1002.
11/28/2025 22:01:26: Peer 1003 received the 'have' message from Peer 1002 for the piece 82.
11/28/2025 22:01:26: Peer 1003 has sent the 'not interested' message to Peer 1002.
11/28/2025 22:01:26: Peer 1003 received the 'have' message from Peer 1002 for the piece 83.
11/28/2025 22:01:26: Peer 1003 has sent the 'not interested' message to Peer 1002.
11/28/2025 22:01:26: Peer 1003 received the 'have' message from Peer 1002 for the piece 84.
11/28/2025 22:01:26: Peer 1003 has sent the 'not interested' message to Peer 1002.
11/28/2025 22:01:26: Peer 1003 received the 'have' message from Peer 1002 for the piece 85.
11/28/2025 22:01:26: Peer 1003 has sent the 'not interested' message to Peer 1002.
11/28/2025 22:01:26: Peer 1003 received the 'have' message from Peer 1002 for the piece 86.
11/28/2025 22:01:26: Peer 1003 has sent the 'not interested' message to Peer 1002.
11/28/2025 22:01:26: Peer 1003 received the 'have' message from Peer 1002 for the piece 87.
11/28/2025 22:01:26: Peer 1003 has sent the 'not interested' message to Peer 1002.
11/28/2025 22:01:26: Peer 1003 received the 'have' message from Peer 1002 for the piece 88.
11/28/2025 22:01:26: Peer 1003 has sent the 'not interested' message to Peer 1002.
11/28/2025 22:01:26: Peer 1003 received the 'have' message from Peer 1002 for the piece 89.
11/28/2025 22:01:26: Peer 1003 has sent the 'not interested' message to Peer 1002.
11/28/2025 22:01:26: Peer 1003 received the 'have' message from Peer 1002 for the piece 90.
11/28/2025 22:01:26: Peer 1003 has sent the 'not interested' message to Peer 1002.
11/28/2025 22:01:26: Peer 1003 received the 'have' message from Peer 1002 for the piece 91.
11/28/2025 22:01:26: Peer 1003 has sent the 'not interested' message to Peer 1002.
11/28/2025 22:01:26: Peer 1003 received the 'have' message from Peer 1002 for the piece 92.
11/28/2025 22:01:26: Peer 1003 has sent the 'not interested' message to Peer 1002.
11/28/2025 22:01:26: Peer 1003 received the 'have' message from Peer 1002 for the piece 93.
11/28/2025 22:01:26: Peer 1003 has sent the 'not interested' message to Peer 1002.
11/28/2025 22:01:26: Peer 1003 received the 'have' message from Peer 1002 for the piece 94.
11/28/2025 22:01:26: Peer 1003 has sent the 'not interested' message to Peer 1002.
11/28/2025 22:01:26: Peer 1003 received the 'have' message from Peer 1002 for the piece 95.
11/28/2025 22:01:26: Peer 1003 has sent the 'not interested' message to Peer 1002.
11/28/2025 22:01:26: Peer 1003 received the 'have' message from Peer 1002 for the piece 96.
11/28/2025 22:01:26: Peer 1003 has sent the 'not interested' message to Peer 1002.
11/28/2025 22:01:26: Peer 1003 received the 'have' message from Peer 1002 for the piece 97.
11/28/2025 22:01:26: Peer 1003 has sent the 'not interested' message to Peer 1002.
11/28/2025 22:01:27: Peer 1003 received the 'have' message from Peer 1002 for the piece 98.
11/28/2025 22:01:27: Peer 1003 has sent the 'not interested' message to Peer 1002.
11/28/2025 22:01:27: Peer 1003 received the 'have' message from Peer 1002 for the piece 99.
11/28/2025 22:01:27: Peer 1003 has sent the 'not interested' message to Peer 1002.
11/28/2025 22:01:27: Peer 1003 received the 'have' message from Peer 1002 for the piece 100.
11/28/2025 22:01:27: Peer 1003 has sent the 'not interested' message to Peer 1002.
11/28/2025 22:01:27: Peer 1003 received the 'have' message from Peer 1002 for the piece 101.
11/28/2025 22:01:27: Peer 1003 has sent the 'not interested' message to Peer 1002.
11/28/2025 22:01:27: Peer 1003 received the 'have' message from Peer 1002 for the piece 102.
11/28/2025 22:01:27: Peer 1003 has sent the 'not interested' message to Peer 1002.
11/28/2025 22:01:27: Peer 1003 received the 'have' message from Peer 1002 for the piece 103.
11/28/2025 22:01:27: Peer 1003 has sent the 'not interested' message to Peer 1002.
11/28/2025 22:01:27: Peer 1003 received the 'have' message from Peer 1002 for the piece 104.
11/28/2025 22:01:27: Peer 1003 has sent the 'not interested' message to Peer 1002.
11/28/2025 22:01:27: Peer 1003 received the 'have' message from Peer 1002 for the piece 105.
11/28/2025 22:01:27: Peer 1003 has sent the 'not interested' message to Peer 1002.
11/28/2025 22:01:27: Peer 1003 received the 'have' message from Peer 1002 for the piece 106.
11/28/2025 22:01:27: Peer 1003 has sent the 'not interested' message to Peer 1002.
11/28/2025 22:01:27: Peer 1003 received the 'have' message from Peer 1002 for the piece 107.
11/28/2025 22:01:27: Peer 1003 has sent the 'not interested' message to Peer 1002.
11/28/2025 22:01:27: Peer 1003 received the 'have' message from Peer 1002 for the piece 108.
11/28/2025 22:01:27: Peer 1003 has sent the 'not interested' message to Peer 1002.
11/28/2025 22:01:27: Peer 1003 received the 'have' message from Peer 1002 for the piece 109.
11/28/2025 22:01:27: Peer 1003 has sent the 'not interested' message to Peer 1002.
11/28/2025 22:01:27: Peer 1003 received the 'have' message from Peer 1002 for the piece 110.
11/28/2025 22:01:27: Peer 1003 has sent the 'not interested' message to Peer 1002.
11/28/2025 22:01:27: Peer 1003 received the 'have' message from Peer 1002 for the piece 111.
11/28/2025 22:01:27: Peer 1003 has sent the 'not interested' message to Peer 1002.
11/28/2025 22:01:27: Peer 1003 received the 'have' message from Peer 1002 for the piece 112.
11/28/2025 22:01:27: Peer 1003 has sent the 'not interested' message to Peer 1002.
11/28/2025 22:01:27: Peer 1003 received the 'have' message from Peer 1002 for the piece 113.
11/28/2025 22:01:27: Peer 1003 has sent the 'not interested' message to Peer 1002.
11/28/2025 22:01:27: Peer 1003 received the 'have' message from Peer 1002 for the piece 114.
11/28/2025 22:01:27: Peer 1003 has sent the 'not interested' message to Peer 1002.
11/28/2025 22:01:27: Peer 1003 received the 'have' message from Peer 1002 for the piece 115.
11/28/2025 22:01:27: Peer 1003 has sent the 'not interested' message to Peer 1002.
11/28/2025 22:01:27: Peer 1003 received the 'have' message from Peer 1002 for the piece 116.
11/28/2025 22:01:27: Peer 1003 has sent the 'not interested' message to Peer 1002.
11/28/2025 22:01:27: Peer 1003 received the 'have' message from Peer 1002 for the piece 117.
11/28/2025 22:01:27: Peer 1003 has sent the 'not interested' message to Peer 1002.
11/28/2025 22:01:27: Peer 1003 received the 'have' message from Peer 1002 for the piece 118.
11/28/2025 22:01:27: Peer 1003 has sent the 'not interested' message to Peer 1002.
11/28/2025 22:01:27: Peer 1003 received the 'have' message from Peer 1002 for the piece 119.
11/28/2025 22:01:27: Peer 1003 has sent the 'not interested' message to Peer 1002.
11/28/2025 22:01:27: Peer 1003 received the 'have' message from Peer 1002 for the piece 120.
11/28/2025 22:01:27: Peer 1003 has sent the 'not interested' message to Peer 1002.
11/28/2025 22:01:27: Peer 1003 received the 'have' message from Peer 1002 for the piece 121.
11/28/2025 22:01:27: Peer 1003 has sent the 'not interested' message to Peer 1002.
11/28/2025 22:01:27: Peer 1003 received the 'have' message from Peer 1002 for the piece 122.
11/28/2025 22:01:27: Peer 1003 has sent the 'not interested' message to Peer 1002.
11/28/2025 22:01:27: Peer 1003 received the 'have' message from Peer 1002 for the piece 123.
11/28/2025 22:01:27: Peer 1003 has sent the 'not interested' message to Peer 1002.
11/28/2025 22:01:27: Peer 1003 received the 'have' message from Peer 1002 for the piece 124.
11/28/2025 22:01:27: Peer 1003 has sent the 'not interested' message to Peer 1002.
11/28/2025 22:01:27: Peer 1003 received the 'have' message from Peer 1002 for the piece 125.
11/28/2025 22:01:27: Peer 1003 has sent the 'not interested' message to Peer 1002.
11/28/2025 22:01:27: Peer 1003 received the 'have' message from Peer 1002 for the piece 127.
11/28/2025 22:01:27: Peer 1003 has sent the 'not interested' message to Peer 1002.
11/28/2025 22:01:27: Peer 1003 received the 'have' message from Peer 1002 for the piece 126.
11/28/2025 22:01:27: Peer 1003 has sent the 'not interested' message to Peer 1002.
11/28/2025 22:01:27: Peer 1003 received the 'have' message from Peer 1002 for the piece 128.
11/28/2025 22:01:27: Peer 1003 has sent the 'not interested' message to Peer 1002.
11/28/2025 22:01:27: Peer 1003 received the 'have' message from Peer 1002 for the piece 130.
11/28/2025 22:01:27: Peer 1003 has sent the 'not interested' message to Peer 1002.
11/28/2025 22:01:27: Peer 1003 received the 'have' message from Peer 1002 for the piece 129.
11/28/2025 22:01:27: Peer 1003 has sent the 'not interested' message to Peer 1002.
11/28/2025 22:01:27: Peer 1003 received the 'have' message from Peer 1002 for the piece 131.
11/28/2025 22:01:27: Peer 1003 has sent the 'not interested' message to Peer 1002.
